Component: ARM Compiler 5.06 update 6 (build 750) Tool: armlink [4d35ed]

==============================================================================

Section Cross References

    main.o(.text) refers to misc.o(.text) for NVIC_PriorityGroupConfig
    main.o(.text) refers to bsp_usart.o(.text) for USART1_Init
    main.o(.text) refers to bsp_led.o(.text) for Led_Init
    main.o(.text) refers to bsp_key.o(.text) for Key_Init
    main.o(.text) refers to bsp_can.o(.text) for CAN1_Config
    main.o(.text) refers to usartctlcan.o(.text) for UsartCtlCan
    bsp_led.o(.text) refers to stm32f10x_rcc.o(.text) for RCC_APB2PeriphClockCmd
    bsp_led.o(.text) refers to stm32f10x_gpio.o(.text) for GPIO_Init
    bsp_key.o(.text) refers to stm32f10x_rcc.o(.text) for RCC_APB2PeriphClockCmd
    bsp_key.o(.text) refers to stm32f10x_gpio.o(.text) for GPIO_Init
    bsp_key.o(.text) refers to misc.o(.text) for NVIC_Init
    bsp_key.o(.text) refers to stm32f10x_exti.o(.text) for EXTI_Init
    bsp_key.o(.text) refers to printf8.o(i.__0printf$8) for __2printf
    bsp_key.o(.text) refers to system_f103.o(.text) for System_GetTimeMs
    bsp_key.o(.text) refers to bsp_key.o(.data) for KeyPressFlag
    bsp_usart.o(.text) refers to stm32f10x_rcc.o(.text) for RCC_APB2PeriphClockCmd
    bsp_usart.o(.text) refers to stm32f10x_gpio.o(.text) for GPIO_Init
    bsp_usart.o(.text) refers to misc.o(.text) for NVIC_Init
    bsp_usart.o(.text) refers to stm32f10x_usart.o(.text) for USART_DeInit
    bsp_usart.o(.text) refers to printf8.o(i.__0printf$8) for __2printf
    bsp_usart.o(.text) refers to memcpya.o(.text) for __aeabi_memcpy
    bsp_usart.o(.text) refers to memseta.o(.text) for __aeabi_memclr
    bsp_usart.o(.text) refers to bsp_usart.o(.bss) for xUSART
    bsp_usart.o(.text) refers to bsp_usart.o(.data) for USARTx_InitFlag
    bsp_usart.o(.text) refers to stm32f10x_dma.o(.text) for DMA_GetCurrDataCounter
    bsp_can.o(.text) refers to stm32f10x_rcc.o(.text) for RCC_APB1PeriphClockCmd
    bsp_can.o(.text) refers to stm32f10x_gpio.o(.text) for GPIO_Init
    bsp_can.o(.text) refers to stm32f10x_can.o(.text) for CAN_Init
    bsp_can.o(.text) refers to misc.o(.text) for NVIC_Init
    bsp_can.o(.text) refers to printf8.o(i.__0printf$8) for __2printf
    bsp_can.o(.text) refers to bsp_can.o(.bss) for xCAN
    system_f103.o(.text) refers to system_stm32f10x.o(.text) for SystemCoreClockUpdate
    system_f103.o(.text) refers to printf8.o(i.__0printf$8) for __2printf
    system_f103.o(.text) refers to ffltui.o(.text) for __aeabi_ui2f
    system_f103.o(.text) refers to fmul.o(.text) for __aeabi_fmul
    system_f103.o(.text) refers to fadd.o(.text) for __aeabi_fadd
    system_f103.o(.text) refers to ffixui.o(.text) for __aeabi_f2uiz
    system_f103.o(.text) refers to system_stm32f10x.o(.data) for SystemCoreClock
    system_f103.o(.text) refers to system_f103.o(.data) for sysTickCnt
    system_f103.o(.text) refers to system_f103.o(.bss) for sectorbufferTemp
    startup_stm32f10x_hd.o(RESET) refers to startup_stm32f10x_hd.o(STACK) for __initial_sp
    startup_stm32f10x_hd.o(RESET) refers to startup_stm32f10x_hd.o(.text) for Reset_Handler
    startup_stm32f10x_hd.o(RESET) refers to stm32f10x_it.o(.text) for NMI_Handler
    startup_stm32f10x_hd.o(RESET) refers to system_f103.o(.text) for SysTick_Handler
    startup_stm32f10x_hd.o(RESET) refers to bsp_key.o(.text) for EXTI0_IRQHandler
    startup_stm32f10x_hd.o(RESET) refers to bsp_can.o(.text) for USB_LP_CAN1_RX0_IRQHandler
    startup_stm32f10x_hd.o(RESET) refers to bsp_usart.o(.text) for USART1_IRQHandler
    startup_stm32f10x_hd.o(.text) refers to system_stm32f10x.o(.text) for SystemInit
    startup_stm32f10x_hd.o(.text) refers to entry.o(.ARM.Collect$$$$00000000) for __main
    system_stm32f10x.o(.text) refers to system_stm32f10x.o(.data) for SystemCoreClock
    stm32f10x_adc.o(.text) refers to stm32f10x_rcc.o(.text) for RCC_APB2PeriphResetCmd
    stm32f10x_bkp.o(.text) refers to stm32f10x_rcc.o(.text) for RCC_BackupResetCmd
    stm32f10x_can.o(.text) refers to stm32f10x_rcc.o(.text) for RCC_APB1PeriphResetCmd
    stm32f10x_dac.o(.text) refers to stm32f10x_rcc.o(.text) for RCC_APB1PeriphResetCmd
    stm32f10x_gpio.o(.text) refers to stm32f10x_rcc.o(.text) for RCC_APB2PeriphResetCmd
    stm32f10x_i2c.o(.text) refers to stm32f10x_rcc.o(.text) for RCC_APB1PeriphResetCmd
    stm32f10x_pwr.o(.text) refers to stm32f10x_rcc.o(.text) for RCC_APB1PeriphResetCmd
    stm32f10x_rcc.o(.text) refers to stm32f10x_rcc.o(.data) for APBAHBPrescTable
    stm32f10x_spi.o(.text) refers to stm32f10x_rcc.o(.text) for RCC_APB2PeriphResetCmd
    stm32f10x_tim.o(.text) refers to stm32f10x_rcc.o(.text) for RCC_APB2PeriphResetCmd
    stm32f10x_usart.o(.text) refers to stm32f10x_rcc.o(.text) for RCC_APB2PeriphResetCmd
    stm32f10x_wwdg.o(.text) refers to stm32f10x_rcc.o(.text) for RCC_APB1PeriphResetCmd
    test.o(.text) refers to bsp_key.o(.text) for Key_GetNum
    test.o(.text) refers to bsp_led.o(.text) for LED_RED_TOGGLE
[...]
    printf0.o(i.__0sprintf$0) refers to printf0.o(i._printf_core) for _printf_core
    printf0.o(i.__0sprintf$0) refers to printf0.o(i._sputc) for _sputc
    printf0.o(i.__0vfprintf$0) refers to printf0.o(i._printf_core) for _printf_core
    printf0.o(i.__0vfprintf$0) refers to bsp_usart.o(.text) for fputc
    printf0.o(i.__0vprintf$0) refers to printf0.o(i._printf_core) for _printf_core
    printf0.o(i.__0vprintf$0) refers to bsp_usart.o(.text) for fputc
    printf0.o(i.__0vprintf$0) refers to bsp_usart.o(.data) for __stdout
    printf0.o(i.__0vsnprintf$0) refers to printf0.o(i._printf_core) for _printf_core
    printf0.o(i.__0vsnprintf$0) refers to printf0.o(i._snputc) for _snputc
    printf0.o(i.__0vsprintf$0) refers to printf0.o(i._printf_core) for _printf_core
    printf0.o(i.__0vsprintf$0) refers to printf0.o(i._sputc) for _sputc
    printf1.o(i.__0fprintf$1) refers to printf1.o(i._printf_core) for _printf_core
    printf1.o(i.__0fprintf$1) refers to bsp_usart.o(.text) for fputc
    printf1.o(i.__0printf$1) refers to printf1.o(i._printf_core) for _printf_core
    printf1.o(i.__0printf$1) refers to bsp_usart.o(.text) for fputc
    printf1.o(i.__0printf$1) refers to bsp_usart.o(.data) for __stdout
    printf1.o(i.__0snprintf$1) refers to printf1.o(i._printf_core) for _printf_core
    printf1.o(i.__0snprintf$1) refers to printf1.o(i._snputc) for _snputc
    printf1.o(i.__0sprintf$1) refers to printf1.o(i._printf_core) for _printf_core
    printf1.o(i.__0sprintf$1) refers to printf1.o(i._sputc) for _sputc
    printf1.o(i.__0vfprintf$1) refers to printf1.o(i._printf_core) for _printf_core
    printf1.o(i.__0vfprintf$1) refers to bsp_usart.o(.text) for fputc
    printf1.o(i.__0vprintf$1) refers to printf1.o(i._printf_core) for _printf_core
    printf1.o(i.__0vprintf$1) refers to bsp_usart.o(.text) for fputc
    printf1.o(i.__0vprintf$1) refers to bsp_usart.o(.data) for __stdout
    printf1.o(i.__0vsnprintf$1) refers to printf1.o(i._printf_core) for _printf_core
    printf1.o(i.__0vsnprintf$1) refers to printf1.o(i._snputc) for _snputc
    printf1.o(i.__0vsprintf$1) refers to printf1.o(i._printf_core) for _printf_core
    printf1.o(i.__0vsprintf$1) refers to printf1.o(i._sputc) for _sputc
    printf1.o(i._printf_core) refers to uidiv.o(.text) for __aeabi_uidivmod
    printf2.o(i.__0fprintf$2) refers to printf2.o(i._printf_core) for _printf_core
    printf2.o(i.__0fprintf$2) refers to bsp_usart.o(.text) for fputc
    printf2.o(i.__0printf$2) refers to printf2.o(i._printf_core) for _printf_core
    printf2.o(i.__0printf$2) refers to bsp_usart.o(.text) for fputc
    printf2.o(i.__0printf$2) refers to bsp_usart.o(.data) for __stdout
    printf2.o(i.__0snprintf$2) refers to printf2.o(i._printf_core) for _printf_core
    printf2.o(i.__0snprintf$2) refers to printf2.o(i._snputc) for _snputc
    printf2.o(i.__0sprintf$2) refers to printf2.o(i._printf_core) for _printf_core
    printf2.o(i.__0sprintf$2) refers to printf2.o(i._sputc) for _sputc
    printf2.o(i.__0vfprintf$2) refers to printf2.o(i._printf_core) for _printf_core
    printf2.o(i.__0vfprintf$2) refers to bsp_usart.o(.text) for fputc
    printf2.o(i.__0vprintf$2) refers to printf2.o(i._printf_core) for _printf_core
    printf2.o(i.__0vprintf$2) refers to bsp_usart.o(.text) for fputc
    printf2.o(i.__0vprintf$2) refers to bsp_usart.o(.data) for __stdout
    printf2.o(i.__0vsnprintf$2) refers to printf2.o(i._printf_core) for _printf_core
    printf2.o(i.__0vsnprintf$2) refers to printf2.o(i._snputc) for _snputc
    printf2.o(i.__0vsprintf$2) refers to printf2.o(i._printf_core) for _printf_core
    printf2.o(i.__0vsprintf$2) refers to printf2.o(i._sputc) for _sputc
    printf3.o(i.__0fprintf$3) refers to printf3.o(i._printf_core) for _printf_core
    printf3.o(i.__0fprintf$3) refers to bsp_usart.o(.text) for fputc
    printf3.o(i.__0printf$3) refers to printf3.o(i._printf_core) for _printf_core
    printf3.o(i.__0printf$3) refers to bsp_usart.o(.text) for fputc
    printf3.o(i.__0printf$3) refers to bsp_usart.o(.data) for __stdout
    printf3.o(i.__0snprintf$3) refers to printf3.o(i._printf_core) for _printf_core
    printf3.o(i.__0snprintf$3) refers to printf3.o(i._snputc) for _snputc
    printf3.o(i.__0sprintf$3) refers to printf3.o(i._printf_core) for _printf_core
    printf3.o(i.__0sprintf$3) refers to printf3.o(i._sputc) for _sputc
    printf3.o(i.__0vfprintf$3) refers to printf3.o(i._printf_core) for _printf_core
    printf3.o(i.__0vfprintf$3) refers to bsp_usart.o(.text) for fputc
    printf3.o(i.__0vprintf$3) refers to printf3.o(i._printf_core) for _printf_core
    printf3.o(i.__0vprintf$3) refers to bsp_usart.o(.text) for fputc
    printf3.o(i.__0vprintf$3) refers to bsp_usart.o(.data) for __stdout
    printf3.o(i.__0vsnprintf$3) refers to printf3.o(i._printf_core) for _printf_core
    printf3.o(i.__0vsnprintf$3) refers to printf3.o(i._snputc) for _snputc
    printf3.o(i.__0vsprintf$3) refers to printf3.o(i._printf_core) for _printf_core
    printf3.o(i.__0vsprintf$3) refers to printf3.o(i._sputc) for _sputc
    printf3.o(i._printf_core) refers to uidiv.o(.text) for __aeabi_uidivmod
    printf4.o(i.__0fprintf$4) refers to printf4.o(i._printf_core) for _printf_core
    printf4.o(i.__0fprintf$4) refers to bsp_usart.o(.text) for fputc
    printf4.o(i.__0printf$4) refers to printf4.o(i._printf_core) for _printf_core
    printf4.o(i.__0printf$4) refers to bsp_usart.o(.text) for fputc
    printf4.o(i.__0printf$4) refers to bsp_usart.o(.data) for __stdout
    printf4.o(i.__0snprintf$4) refers to printf4.o(i._printf_core) for _printf_core
    printf4.o(i.__0snprintf$4) refers to printf4.o(i._snputc) for _snputc
    printf4.o(i.__0sprintf$4) refers to printf4.o(i._printf_core) for _printf_core
    printf4.o(i.__0sprintf$4) refers to printf4.o(i._sputc) for _sputc
    printf4.o(i.__0vfprintf$4) refers to printf4.o(i._printf_core) for _printf_core
    printf4.o(i.__0vfprintf$4) refers to bsp_usart.o(.text) for fputc
    printf4.o(i.__0vprintf$4) refers to printf4.o(i._printf_core) for _printf_core
    printf4.o(i.__0vprintf$4) refers to bsp_usart.o(.text) for fputc
    printf4.o(i.__0vprintf$4) refers to bsp_usart.o(.data) for __stdout
    printf4.o(i.__0vsnprintf$4) refers to printf4.o(i._printf_core) for _printf_core
    printf4.o(i.__0vsnprintf$4) refers to printf4.o(i._snputc) for _snputc
    printf4.o(i.__0vsprintf$4) refers to printf4.o(i._printf_core) for _printf_core
    printf4.o(i.__0vsprintf$4) refers to printf4.o(i._sputc) for _sputc
    printf4.o(i._printf_core) refers to uldiv.o(.text) for __aeabi_uldivmod
    printf5.o(i.__0fprintf$5) refers to printf5.o(i._printf_core) for _printf_core
    printf5.o(i.__0fprintf$5) refers to bsp_usart.o(.text) for fputc
    printf5.o(i.__0printf$5) refers to printf5.o(i._printf_core) for _printf_core
    printf5.o(i.__0printf$5) refers to bsp_usart.o(.text) for fputc
    printf5.o(i.__0printf$5) refers to bsp_usart.o(.data) for __stdout
    printf5.o(i.__0snprintf$5) refers to printf5.o(i._printf_core) for _printf_core
    printf5.o(i.__0snprintf$5) refers to printf5.o(i._snputc) for _snputc
    printf5.o(i.__0sprintf$5) refers to printf5.o(i._printf_core) for _printf_core
    printf5.o(i.__0sprintf$5) refers to printf5.o(i._sputc) for _sputc
    printf5.o(i.__0vfprintf$5) refers to printf5.o(i._printf_core) for _printf_core
    printf5.o(i.__0vfprintf$5) refers to bsp_usart.o(.text) for fputc
    printf5.o(i.__0vprintf$5) refers to printf5.o(i._printf_core) for _printf_core
    printf5.o(i.__0vprintf$5) refers to bsp_usart.o(.text) for fputc
    printf5.o(i.__0vprintf$5) refers to bsp_usart.o(.data) for __stdout
    printf5.o(i.__0vsnprintf$5) refers to printf5.o(i._printf_core) for _printf_core
    printf5.o(i.__0vsnprintf$5) refers to printf5.o(i._snputc) for _snputc
    printf5.o(i.__0vsprintf$5) refers to printf5.o(i._printf_core) for _printf_core
    printf5.o(i.__0vsprintf$5) refers to printf5.o(i._sputc) for _sputc
    printf5.o(i._printf_core) refers to uldiv.o(.text) for __aeabi_uldivmod
    printf6.o(i.__0fprintf$6) refers to printf6.o(i._printf_core) for _printf_core
    printf6.o(i.__0fprintf$6) refers to bsp_usart.o(.text) for fputc
    printf6.o(i.__0printf$6) refers to printf6.o(i._printf_core) for _printf_core
    printf6.o(i.__0printf$6) refers to bsp_usart.o(.text) for fputc
    printf6.o(i.__0printf$6) refers to bsp_usart.o(.data) for __stdout
    printf6.o(i.__0snprintf$6) refers to printf6.o(i._printf_core) for _printf_core
    printf6.o(i.__0snprintf$6) refers to printf6.o(i._snputc) for _snputc
    printf6.o(i.__0sprintf$6) refers to printf6.o(i._printf_core) for _printf_core
    printf6.o(i.__0sprintf$6) refers to printf6.o(i._sputc) for _sputc
    printf6.o(i.__0vfprintf$6) refers to printf6.o(i._printf_core) for _printf_core
    printf6.o(i.__0vfprintf$6) refers to bsp_usart.o(.text) for fputc
    printf6.o(i.__0vprintf$6) refers to printf6.o(i._printf_core) for _printf_core
    printf6.o(i.__0vprintf$6) refers to bsp_usart.o(.text) for fputc
    printf6.o(i.__0vprintf$6) refers to bsp_usart.o(.data) for __stdout
    printf6.o(i.__0vsnprintf$6) refers to printf6.o(i._printf_core) for _printf_core
    printf6.o(i.__0vsnprintf$6) refers to printf6.o(i._snputc) for _snputc
    printf6.o(i.__0vsprintf$6) refers to printf6.o(i._printf_core) for _printf_core
    printf6.o(i.__0vsprintf$6) refers to printf6.o(i._sputc) for _sputc
    printf6.o(i._printf_core) refers to printf6.o(i._printf_pre_padding) for _printf_pre_padding
    printf6.o(i._printf_core) refers to uidiv.o(.text) for __aeabi_uidivmod
    printf6.o(i._printf_core) refers to printf6.o(i._printf_post_padding) for _printf_post_padding
    printf7.o(i.__0fprintf$7) refers to printf7.o(i._printf_core) for _printf_core
    printf7.o(i.__0fprintf$7) refers to bsp_usart.o(.text) for fputc
    printf7.o(i.__0printf$7) refers to printf7.o(i._printf_core) for _printf_core
    printf7.o(i.__0printf$7) refers to bsp_usart.o(.text) for fputc
    printf7.o(i.__0printf$7) refers to bsp_usart.o(.data) for __stdout
    printf7.o(i.__0snprintf$7) refers to printf7.o(i._printf_core) for _printf_core
    printf7.o(i.__0snprintf$7) refers to printf7.o(i._snputc) for _snputc
    printf7.o(i.__0sprintf$7) refers to printf7.o(i._printf_core) for _printf_core
    printf7.o(i.__0sprintf$7) refers to printf7.o(i._sputc) for _sputc
    printf7.o(i.__0vfprintf$7) refers to printf7.o(i._printf_core) for _printf_core
    printf7.o(i.__0vfprintf$7) refers to bsp_usart.o(.text) for fputc
    printf7.o(i.__0vprintf$7) refers to printf7.o(i._printf_core) for _printf_core
    printf7.o(i.__0vprintf$7) refers to bsp_usart.o(.text) for fputc
    printf7.o(i.__0vprintf$7) refers to bsp_usart.o(.data) for __stdout
    printf7.o(i.__0vsnprintf$7) refers to printf7.o(i._printf_core) for _printf_core
    printf7.o(i.__0vsnprintf$7) refers to printf7.o(i._snputc) for _snputc
    printf7.o(i.__0vsprintf$7) refers to printf7.o(i._printf_core) for _printf_core
    printf7.o(i.__0vsprintf$7) refers to printf7.o(i._sputc) for _sputc
    printf7.o(i._printf_core) refers to printf7.o(i._printf_pre_padding) for _printf_pre_padding
    printf7.o(i._printf_core) refers to uldiv.o(.text) for __aeabi_uldivmod
    printf7.o(i._printf_core) refers to printf7.o(i._printf_post_padding) for _printf_post_padding
    printf8.o(i.__0fprintf$8) refers to printf8.o(i._printf_core) for _printf_core
    printf8.o(i.__0fprintf$8) refers to bsp_usart.o(.text) for fputc
    printf8.o(i.__0printf$8) refers to printf8.o(i._printf_core) for _printf_core
    printf8.o(i.__0printf$8) refers to bsp_usart.o(.text) for fputc
    printf8.o(i.__0printf$8) refers to bsp_usart.o(.data) for __stdout
    printf8.o(i.__0snprintf$8) refers to printf8.o(i._printf_core) for _printf_core
    printf8.o(i.__0snprintf$8) refers to printf8.o(i._snputc) for _snputc
    printf8.o(i.__0sprintf$8) refers to printf8.o(i._printf_core) for _printf_core
    printf8.o(i.__0sprintf$8) refers to printf8.o(i._sputc) for _sputc
    printf8.o(i.__0vfprintf$8) refers to printf8.o(i._printf_core) for _printf_core
    printf8.o(i.__0vfprintf$8) refers to bsp_usart.o(.text) for fputc
    printf8.o(i.__0vprintf$8) refers to printf8.o(i._printf_core) for _printf_core
    printf8.o(i.__0vprintf$8) refers to bsp_usart.o(.text) for fputc
    printf8.o(i.__0vprintf$8) refers to bsp_usart.o(.data) for __stdout
    printf8.o(i.__0vsnprintf$8) refers to printf8.o(i._printf_core) for _printf_core
    printf8.o(i.__0vsnprintf$8) refers to printf8.o(i._snputc) for _snputc
    printf8.o(i.__0vsprintf$8) refers to printf8.o(i._printf_core) for _printf_core
    printf8.o(i.__0vsprintf$8) refers to printf8.o(i._sputc) for _sputc
    printf8.o(i._printf_core) refers to printf8.o(i._printf_pre_padding) for _printf_pre_padding
    printf8.o(i._printf_core) refers to uldiv.o(.text) for __aeabi_uldivmod
    printf8.o(i._printf_core) refers to printf8.o(i._printf_post_padding) for _printf_post_padding
    printfa.o(i.__0fprintf) refers (Special) to iusefp.o(.text) for __I$use$fp
    printfa.o(i.__0fprintf) refers to printfa.o(i._printf_core) for _printf_core
    printfa.o(i.__0fprintf) refers to bsp_usart.o(.text) for fputc
    printfa.o(i.__0printf) refers (Special) to iusefp.o(.text) for __I$use$fp
    printfa.o(i.__0printf) refers to printfa.o(i._printf_core) for _printf_core
    printfa.o(i.__0printf) refers to bsp_usart.o(.text) for fputc
    printfa.o(i.__0printf) refers to bsp_usart.o(.data) for __stdout
    printfa.o(i.__0snprintf) refers (Special) to iusefp.o(.text) for __I$use$fp
    printfa.o(i.__0snprintf) refers to printfa.o(i._printf_core) for _printf_core
    printfa.o(i.__0snprintf) refers to printfa.o(i._snputc) for _snputc
    printfa.o(i.__0sprintf) refers (Special) to iusefp.o(.text) for __I$use$fp
    printfa.o(i.__0sprintf) refers to printfa.o(i._printf_core) for _printf_core
    printfa.o(i.__0sprintf) refers to printfa.o(i._sputc) for _sputc
    printfa.o(i.__0vfprintf) refers (Special) to iusefp.o(.text) for __I$use$fp
    printfa.o(i.__0vfprintf) refers to printfa.o(i._printf_core) for _printf_core
    printfa.o(i.__0vfprintf) refers to bsp_usart.o(.text) for fputc
    printfa.o(i.__0vprintf) refers (Special) to iusefp.o(.text) for __I$use$fp
    printfa.o(i.__0vprintf) refers to printfa.o(i._printf_core) for _printf_core
    printfa.o(i.__0vprintf) refers to bsp_usart.o(.text) for fputc
    printfa.o(i.__0vprintf) refers to bsp_usart.o(.data) for __stdout
    printfa.o(i.__0vsnprintf) refers (Special) to iusefp.o(.text) for __I$use$fp
    printfa.o(i.__0vsnprintf) refers to printfa.o(i._printf_core) for _printf_core
    printfa.o(i.__0vsnprintf) refers to printfa.o(i._snputc) for _snputc
    printfa.o(i.__0vsprintf) refers (Special) to iusefp.o(.text) for __I$use$fp
    printfa.o(i.__0vsprintf) refers to printfa.o(i._printf_core) for _printf_core
    printfa.o(i.__0vsprintf) refers to printfa.o(i._sputc) for _sputc
    printfa.o(i._fp_digits) refers (Special) to iusefp.o(.text) for __I$use$fp
    printfa.o(i._fp_digits) refers to dmul.o(.text) for __aeabi_dmul
    printfa.o(i._fp_digits) refers to ddiv.o(.text) for __aeabi_ddiv
    printfa.o(i._fp_digits) refers to cdrcmple.o(.text) for __aeabi_cdrcmple
    printfa.o(i._fp_digits) refers to dadd.o(.text) for __aeabi_dadd
    printfa.o(i._fp_digits) refers to dfixul.o(.text) for __aeabi_d2ulz
    printfa.o(i._fp_digits) refers to uldiv.o(.text) for __aeabi_uldivmod
    printfa.o(i._printf_core) refers (Special) to iusefp.o(.text) for __I$use$fp
    printfa.o(i._printf_core) refers to printfa.o(i._printf_pre_padding) for _printf_pre_padding
    printfa.o(i._printf_core) refers to uldiv.o(.text) for __aeabi_uldivmod
    printfa.o(i._printf_core) refers to printfa.o(i._printf_post_padding) for _printf_post_padding
    printfa.o(i._printf_core) refers to printfa.o(i._fp_digits) for _fp_digits
    printfa.o(i._printf_core) refers to uidiv.o(.text) for __aeabi_uidivmod
    printfa.o(i._printf_post_padding) refers (Special) to iusefp.o(.text) for __I$use$fp
    printfa.o(i._printf_pre_padding) refers (Special) to iusefp.o(.text) for __I$use$fp
    printfa.o(i._snputc) refers (Special) to iusefp.o(.text) for __I$use$fp
    printfa.o(i._sputc) refers (Special) to iusefp.o(.text) for __I$use$fp
    strtoul.o(.text) refers to errno.o(i.__aeabi_errno_addr) for __aeabi_errno_addr
    strtoul.o(.text) refers to ctype_o.o(.text) for __rt_ctype_table
    strtoul.o(.text) refers to _strtoul.o(.text) for _strtoul
    atoi.o(.text) refers to errno.o(i.__aeabi_errno_addr) for __aeabi_errno_addr
    atoi.o(.text) refers to strtol.o(.text) for strtol
    fadd.o(.text) refers (Special) to iusefp.o(.text) for __I$use$fp
    fadd.o(.text) refers to fepilogue.o(.text) for _float_epilogue
    fmul.o(.text) refers (Special) to iusefp.o(.text) for __I$use$fp
    ffltui.o(.text) refers (Special) to iusefp.o(.text) for __I$use$fp
    ffltui.o(.text) refers to fepilogue.o(.text) for _float_epilogue
    ffixui.o(.text) refers (Special) to iusefp.o(.text) for __I$use$fp
    entry2.o(.ARM.Collect$$$$00000001) refers to entry2.o(.ARM.Collect$$$$00002712) for __lit__00000000
    entry2.o(.ARM.Collect$$$$00002712) refers to startup_stm32f10x_hd.o(STACK) for __initial_sp
    entry2.o(__vectab_stack_and_reset_area) refers to startup_stm32f10x_hd.o(STACK) for __initial_sp
    entry2.o(__vectab_stack_and_reset_area) refers to entry.o(.ARM.Collect$$$$00000000) for __main
    entry5.o(.ARM.Collect$$$$00000004) refers to init.o(.text) for __scatterload
    entry9a.o(.ARM.Collect$$$$0000000B) refers to main.o(.text) for main
    entry9b.o(.ARM.Collect$$$$0000000C) refers to main.o(.text) for main
    uldiv.o(.text) refers to llushr.o(.text) for __aeabi_llsr
    uldiv.o(.text) refers to llshl.o(.text) for __aeabi_llsl
    ctype_o.o(.text) refers to ctype_o.o(.constdata) for .constdata
    ctype_o.o(.constdata) refers to ctype_o.o(.constdata) for __ctype_table
    isalnum_o.o(.text) refers to ctype_o.o(.text) for __rt_ctype_table
    isalpha_o.o(.text) refers to ctype_o.o(.text) for __rt_ctype_table
    isblank_o.o(.text) refers to ctype_o.o(.constdata) for __ctype_table
    iscntrl_o.o(.text) refers to ctype_o.o(.text) for __rt_ctype_table
    isdigit_o.o(.text) refers to ctype_o.o(.text) for __rt_ctype_table
    isgraph_o.o(.text) refers to ctype_o.o(.text) for __rt_ctype_table
    islower_o.o(.text) refers to ctype_o.o(.text) for __rt_ctype_table
    isprint_o.o(.text) refers to ctype_o.o(.text) for __rt_ctype_table
    ispunct_o.o(.text) refers to ctype_o.o(.text) for __rt_ctype_table
    isspace_o.o(.text) refers to ctype_o.o(.text) for __rt_ctype_table
    isupper_o.o(.text) refers to ctype_o.o(.text) for __rt_ctype_table
    isxdigit_o.o(.text) refers to ctype_o.o(.text) for __rt_ctype_table
    errno.o(i.__aeabi_errno_addr) refers to errno.o(.data) for .data
    errno.o(i.__read_errno) refers to errno.o(.data) for .data
    errno.o(i.__set_errno) refers to errno.o(.data) for .data
    _strtoul.o(.text) refers to _chval.o(.text) for _chval
    _strtoul.o(.text) refers to errno.o(i.__aeabi_errno_addr) for __aeabi_errno_addr
    strtol.o(.text) refers to ctype_o.o(.text) for __rt_ctype_table
    strtol.o(.text) refers to _strtoul.o(.text) for _strtoul
    strtol.o(.text) refers to errno.o(i.__aeabi_errno_addr) for __aeabi_errno_addr
    dadd.o(.text) refers to llshl.o(.text) for __aeabi_llsl
    dadd.o(.text) refers to llsshr.o(.text) for __aeabi_lasr
    dadd.o(.text) refers to depilogue.o(.text) for _double_epilogue
    dmul.o(.text) refers to depilogue.o(.text) for _double_epilogue
    ddiv.o(.text) refers to depilogue.o(.text) for _double_round
    dfixul.o(.text) refers to llushr.o(.text) for __aeabi_llsr
    dfixul.o(.text) refers to llshl.o(.text) for __aeabi_llsl
    init.o(.text) refers to entry5.o(.ARM.Collect$$$$00000004) for __main_after_scatterload
    depilogue.o(.text) refers to llshl.o(.text) for __aeabi_llsl
    depilogue.o(.text) refers to llushr.o(.text) for __aeabi_llsr


==============================================================================

Removing Unused input sections from the image.

    Removing bsp_key.o(.constdata), (12 bytes).
    Removing startup_stm32f10x_hd.o(HEAP), (512 bytes).
    Removing core_cm3.o(.emb_text), (32 bytes).
    Removing stm32f10x_adc.o(.text), (1102 bytes).
    Removing stm32f10x_bkp.o(.text), (196 bytes).
    Removing stm32f10x_dac.o(.text), (396 bytes).
    Removing stm32f10x_dbgmcu.o(.text), (48 bytes).
    Removing stm32f10x_flash.o(.text), (1468 bytes).
    Removing stm32f10x_i2c.o(.text), (1028 bytes).
    Removing stm32f10x_iwdg.o(.text), (64 bytes).
    Removing stm32f10x_pwr.o(.text), (204 bytes).
    Removing stm32f10x_rtc.o(.text), (328 bytes).
    Removing stm32f10x_sdio.o(.text), (468 bytes).
    Removing stm32f10x_spi.o(.text), (780 bytes).
    Removing stm32f10x_tim.o(.text), (3610 bytes).
    Removing stm32f10x_wwdg.o(.text), (136 bytes).
    Removing test.o(.text), (460 bytes).
    Removing dadd.o(.text), (334 bytes).
    Removing dmul.o(.text), (228 bytes).
    Removing ddiv.o(.text), (222 bytes).
    Removing dfixul.o(.text), (48 bytes).
    Removing cdrcmple.o(.text), (48 bytes).
    Removing depilogue.o(.text), (186 bytes).

23 unused section(s) (total 11910 bytes) removed from the image.

==============================================================================

Image Symbol Table

    Local Symbols

    Symbol Name                              Value     Ov Type        Size  Object(Section)

    ../clib/microlib/ctype/ctype.c           0x00000000   Number         0  ispunct_o.o ABSOLUTE
    ../clib/microlib/ctype/ctype.c           0x00000000   Number         0  ctype_o.o ABSOLUTE
    ../clib/microlib/ctype/ctype.c           0x00000000   Number         0  isspace_o.o ABSOLUTE
    ../clib/microlib/ctype/ctype.c           0x00000000   Number         0  isalnum_o.o ABSOLUTE
    ../clib/microlib/ctype/ctype.c           0x00000000   Number         0  isalpha_o.o ABSOLUTE
    ../clib/microlib/ctype/ctype.c           0x00000000   Number         0  isupper_o.o ABSOLUTE
    ../clib/microlib/ctype/ctype.c           0x00000000   Number         0  isblank_o.o ABSOLUTE
    ../clib/microlib/ctype/ctype.c           0x00000000   Number         0  isdigit_o.o ABSOLUTE
    ../clib/microlib/ctype/ctype.c           0x00000000   Number         0  isgraph_o.o ABSOLUTE
    ../clib/microlib/ctype/ctype.c           0x00000000   Number         0  isxdigit_o.o ABSOLUTE
    ../clib/microlib/ctype/ctype.c           0x00000000   Number         0  islower_o.o ABSOLUTE
    ../clib/microlib/ctype/ctype.c           0x00000000   Number         0  iscntrl_o.o ABSOLUTE
    ../clib/microlib/ctype/ctype.c           0x00000000   Number         0  isprint_o.o ABSOLUTE
    ../clib/microlib/division.c              0x00000000   Number         0  uidiv.o ABSOLUTE
    ../clib/microlib/division.c              0x00000000   Number         0  uldiv.o ABSOLUTE
    ../clib/microlib/errno.c                 0x00000000   Number         0  errno.o ABSOLUTE
    ../clib/microlib/init/entry.s            0x00000000   Number         0  entry7a.o ABSOLUTE
    ../clib/microlib/init/entry.s            0x00000000   Number         0  entry11b.o ABSOLUTE
    ../clib/microlib/init/entry.s            0x00000000   Number         0  entry11a.o ABSOLUTE
    ../clib/microlib/init/entry.s            0x00000000   Number         0  entry10b.o ABSOLUTE
    ../clib/microlib/init/entry.s            0x00000000   Number         0  entry8b.o ABSOLUTE
    ../clib/microlib/init/entry.s            0x00000000   Number         0  entry8a.o ABSOLUTE
    ../clib/microlib/init/entry.s            0x00000000   Number         0  entry7b.o ABSOLUTE
    ../clib/microlib/init/entry.s            0x00000000   Number         0  entry5.o ABSOLUTE
    ../clib/microlib/init/entry.s            0x00000000   Number         0  entry9b.o ABSOLUTE
    ../clib/microlib/init/entry.s            0x00000000   Number         0  entry2.o ABSOLUTE
    ../clib/microlib/init/entry.s            0x00000000   Number         0  entry10a.o ABSOLUTE
    ../clib/microlib/init/entry.s            0x00000000   Number         0  entry.o ABSOLUTE
    ../clib/microlib/init/entry.s            0x00000000   Number         0  entry9a.o ABSOLUTE
    ../clib/microlib/longlong.c              0x00000000   Number         0  llshl.o ABSOLUTE
    ../clib/microlib/longlong.c              0x00000000   Number         0  llsshr.o ABSOLUTE
    ../clib/microlib/longlong.c              0x00000000   Number         0  llushr.o ABSOLUTE
    ../clib/microlib/printf/printf.c         0x00000000   Number         0  printf8.o ABSOLUTE
    ../clib/microlib/printf/printf.c         0x00000000   Number         0  printf3.o ABSOLUTE
    ../clib/microlib/printf/printf.c         0x00000000   Number         0  printf2.o ABSOLUTE
    ../clib/microlib/printf/printf.c         0x00000000   Number         0  printf1.o ABSOLUTE
    ../clib/microlib/printf/printf.c         0x00000000   Number         0  printfa.o ABSOLUTE
    ../clib/microlib/printf/printf.c         0x00000000   Number         0  printf0.o ABSOLUTE
    ../clib/microlib/printf/printf.c         0x00000000   Number         0  printfb.o ABSOLUTE
    ../clib/microlib/printf/printf.c         0x00000000   Number         0  printf5.o ABSOLUTE
    ../clib/microlib/printf/printf.c         0x00000000   Number         0  printf7.o ABSOLUTE
    ../clib/microlib/printf/printf.c         0x00000000   Number         0  printf6.o ABSOLUTE
    ../clib/microlib/printf/printf.c         0x00000000   Number         0  printf4.o ABSOLUTE
    ../clib/microlib/printf/stubs.s          0x00000000   Number         0  stubs.o ABSOLUTE
    ../clib/microlib/string/memcpy.c         0x00000000   Number         0  memcpya.o ABSOLUTE
    ../clib/microlib/string/memcpy.c         0x00000000   Number         0  memcpyb.o ABSOLUTE
    ../clib/microlib/string/memset.c         0x00000000   Number         0  memseta.o ABSOLUTE
    ../clib/microlib/string/strlen.c         0x00000000   Number         0  strlen.o ABSOLUTE
    ../clib/microlib/string/strtok.c         0x00000000   Number         0  strtok_r.o ABSOLUTE
    ../clib/microlib/string/strtok.c         0x00000000   Number         0  strtok.o ABSOLUTE
    ../clib/microlib/stubs.s                 0x00000000   Number         0  iusefp.o ABSOLUTE
    ../clib/microlib/stubs.s                 0x00000000   Number         0  useno.o ABSOLUTE
    ../clib/scanf.c                          0x00000000   Number         0  strtol.o ABSOLUTE
    ../clib/scanf.c                          0x00000000   Number         0  atoi.o ABSOLUTE
    ../clib/scanf.c                          0x00000000   Number         0  _strtoul.o ABSOLUTE
    ../clib/scanf.c                          0x00000000   Number         0  strtoul.o ABSOLUTE
    ../clib/scanf.c                          0x00000000   Number         0  _chval.o ABSOLUTE
    ../fplib/microlib/fpadd.c                0x00000000   Number         0  fadd.o ABSOLUTE
    ../fplib/microlib/fpadd.c                0x00000000   Number         0  dadd.o ABSOLUTE
    ../fplib/microlib/fpdiv.c                0x00000000   Number         0  ddiv.o ABSOLUTE
    ../fplib/microlib/fpepilogue.c           0x00000000   Number         0  fepilogue.o ABSOLUTE
    ../fplib/microlib/fpepilogue.c           0x00000000   Number         0  depilogue.o ABSOLUTE
    ../fplib/microlib/fpfix.c                0x00000000   Number         0  dfixul.o ABSOLUTE
    ../fplib/microlib/fpfix.c                0x00000000   Number         0  ffixui.o ABSOLUTE
    ../fplib/microlib/fpflt.c                0x00000000   Number         0  ffltui.o ABSOLUTE
    ../fplib/microlib/fpmul.c                0x00000000   Number         0  fmul.o ABSOLUTE
    ../fplib/microlib/fpmul.c                0x00000000   Number         0  dmul.o ABSOLUTE
    ..\Demo\UsartCtlCan.c                    0x00000000   Number         0  usartctlcan.o ABSOLUTE
    ..\Libraries\CMSIS\core_cm3.c            0x00000000   Number         0  core_cm3.o ABSOLUTE
    ..\Libraries\CMSIS\startup\startup_stm32f10x_hd.s 0x00000000   Number         0  startup_stm32f10x_hd.o ABSOLUTE
    ..\Libraries\CMSIS\system_stm32f10x.c    0x00000000   Number         0  system_stm32f10x.o ABSOLUTE
    ..\Libraries\FWlib\src\misc.c            0x00000000   Number         0  misc.o ABSOLUTE
    ..\Libraries\FWlib\src\stm32f10x_adc.c   0x00000000   Number         0  stm32f10x_adc.o ABSOLUTE
    ..\Libraries\FWlib\src\stm32f10x_bkp.c   0x00000000   Number         0  stm32f10x_bkp.o ABSOLUTE
    ..\Libraries\FWlib\src\stm32f10x_can.c   0x00000000   Number         0  stm32f10x_can.o ABSOLUTE
    ..\Libraries\FWlib\src\stm32f10x_dac.c   0x00000000   Number         0  stm32f10x_dac.o ABSOLUTE
    ..\Libraries\FWlib\src\stm32f10x_dbgmcu.c 0x00000000   Number         0  stm32f10x_dbgmcu.o ABSOLUTE
    ..\Libraries\FWlib\src\stm32f10x_dma.c   0x00000000   Number         0  stm32f10x_dma.o ABSOLUTE
    ..\Libraries\FWlib\src\stm32f10x_exti.c  0x00000000   Number         0  stm32f10x_exti.o ABSOLUTE
    ..\Libraries\FWlib\src\stm32f10x_flash.c 0x00000000   Number         0  stm32f10x_flash.o ABSOLUTE
    ..\Libraries\FWlib\src\stm32f10x_gpio.c  0x00000000   Number         0  stm32f10x_gpio.o ABSOLUTE
    ..\Libraries\FWlib\src\stm32f10x_i2c.c   0x00000000   Number         0  stm32f10x_i2c.o ABSOLUTE
    ..\Libraries\FWlib\src\stm32f10x_iwdg.c  0x00000000   Number         0  stm32f10x_iwdg.o ABSOLUTE
    ..\Libraries\FWlib\src\stm32f10x_pwr.c   0x00000000   Number         0  stm32f10x_pwr.o ABSOLUTE
    ..\Libraries\FWlib\src\stm32f10x_rcc.c   0x00000000   Number         0  stm32f10x_rcc.o ABSOLUTE
    ..\Libraries\FWlib\src\stm32f10x_rtc.c   0x00000000   Number         0  stm32f10x_rtc.o ABSOLUTE
    ..\Libraries\FWlib\src\stm32f10x_sdio.c  0x00000000   Number         0  stm32f10x_sdio.o ABSOLUTE
    ..\Libraries\FWlib\src\stm32f10x_spi.c   0x00000000   Number         0  stm32f10x_spi.o ABSOLUTE
    ..\Libraries\FWlib\src\stm32f10x_tim.c   0x00000000   Number         0  stm32f10x_tim.o ABSOLUTE
    ..\Libraries\FWlib\src\stm32f10x_usart.c 0x00000000   Number         0  stm32f10x_usart.o ABSOLUTE
    ..\Libraries\FWlib\src\stm32f10x_wwdg.c  0x00000000   Number         0  stm32f10x_wwdg.o ABSOLUTE
    ..\System\system_f103.c                  0x00000000   Number         0  system_f103.o ABSOLUTE
    ..\Test\test.c                           0x00000000   Number         0  test.o ABSOLUTE
    ..\User\main.c                           0x00000000   Number         0  main.o ABSOLUTE
    ..\User\stm32f10x_it.c                   0x00000000   Number         0  stm32f10x_it.o ABSOLUTE
    ..\\Libraries\\CMSIS\\core_cm3.c         0x00000000   Number         0  core_cm3.o ABSOLUTE
    ..\bsp\CAN\bsp_can.c                     0x00000000   Number         0  bsp_can.o ABSOLUTE
    ..\bsp\LED\bsp_led.c                     0x00000000   Number         0  bsp_led.o ABSOLUTE
    ..\bsp\USART\bsp_usart.c                 0x00000000   Number         0  bsp_usart.o ABSOLUTE
    ..\bsp\key\bsp_key.c                     0x00000000   Number         0  bsp_key.o ABSOLUTE
    cdrcmple.s                               0x00000000   Number         0  cdrcmple.o ABSOLUTE
    dc.s                                     0x00000000   Number         0  dc.o ABSOLUTE
    handlers.s                               0x00000000   Number         0  handlers.o ABSOLUTE
    init.s                                   0x00000000   Number         0  init.o ABSOLUTE
    RESET                                    0x08000000   Section      304  startup_stm32f10x_hd.o(RESET)
    .ARM.Collect$$$$00000000                 0x08000130   Section        0  entry.o(.ARM.Collect$$$$00000000)
    .ARM.Collect$$$$00000001                 0x08000130   Section        4  entry2.o(.ARM.Collect$$$$00000001)
    .ARM.Collect$$$$00000004                 0x08000134   Section        4  entry5.o(.ARM.Collect$$$$00000004)
    .ARM.Collect$$$$00000008                 0x08000138   Section        0  entry7b.o(.ARM.Collect$$$$00000008)
    .ARM.Collect$$$$0000000A                 0x08000138   Section        0  entry8b.o(.ARM.Collect$$$$0000000A)
    .ARM.Collect$$$$0000000B                 0x08000138   Section        8  entry9a.o(.ARM.Collect$$$$0000000B)
    .ARM.Collect$$$$0000000D                 0x08000140   Section        0  entry10a.o(.ARM.Collect$$$$0000000D)
    .ARM.Collect$$$$0000000F                 0x08000140   Section        0  entry11a.o(.ARM.Collect$$$$0000000F)
    .ARM.Collect$$$$00002712                 0x08000140   Section        4  entry2.o(.ARM.Collect$$$$00002712)
    __lit__00000000                          0x08000140   Data           4  entry2.o(.ARM.Collect$$$$00002712)
    .text                                    0x08000144   Section        0  main.o(.text)
    .text                                    0x08000180   Section        0  stm32f10x_it.o(.text)
    .text                                    0x08000198   Section        0  bsp_led.o(.text)
    .text                                    0x08000238   Section        0  bsp_key.o(.text)
    .text                                    0x08000530   Section        0  bsp_usart.o(.text)
    .text                                    0x0800153c   Section        0  bsp_can.o(.text)
    .text                                    0x0800172c   Section        0  system_f103.o(.text)
    waitForFlashBSY                          0x08001cd1   Thumb Code    32  system_f103.o(.text)
    .text                                    0x08001ec0   Section       36  startup_stm32f10x_hd.o(.text)
    .text                                    0x08001ee4   Section        0  system_stm32f10x.o(.text)
    .text                                    0x08002088   Section        0  misc.o(.text)
    .text                                    0x08002164   Section        0  stm32f10x_can.o(.text)
    CheckITStatus                            0x08002967   Thumb Code    18  stm32f10x_can.o(.text)
    .text                                    0x08002b54   Section        0  stm32f10x_dma.o(.text)
    .text                                    0x08002da8   Section        0  stm32f10x_exti.o(.text)
    .text                                    0x08002ec4   Section        0  stm32f10x_gpio.o(.text)
    .text                                    0x08003220   Section        0  stm32f10x_rcc.o(.text)
    .text                                    0x080035c4   Section        0  stm32f10x_usart.o(.text)
    .text                                    0x080039cc   Section        0  usartctlcan.o(.text)
    .text                                    0x08003ad8   Section        0  memcpya.o(.text)
    .text                                    0x08003afc   Section        0  memseta.o(.text)
    .text                                    0x08003b20   Section        0  strlen.o(.text)
    .text                                    0x08003b30   Section        0  strtok_r.o(.text)
    .text                                    0x08003b74   Section        0  strtoul.o(.text)
    .text                                    0x08003be6   Section        0  atoi.o(.text)
    .text                                    0x08003c00   Section        0  fadd.o(.text)
    .text                                    0x08003cb0   Section        0  fmul.o(.text)
    .text                                    0x08003d14   Section        0  ffltui.o(.text)
    .text                                    0x08003d1e   Section        0  ffixui.o(.text)
    .text                                    0x08003d46   Section        0  uldiv.o(.text)
    .text                                    0x08003da8   Section        0  ctype_o.o(.text)
    .text                                    0x08003db0   Section        0  _strtoul.o(.text)
    .text                                    0x08003e4e   Section        0  strtol.o(.text)
    .text                                    0x08003ebe   Section        0  iusefp.o(.text)
    .text                                    0x08003ebe   Section        0  fepilogue.o(.text)
    .text                                    0x08003f2c   Section       36  init.o(.text)
    .text                                    0x08003f50   Section        0  llshl.o(.text)
    .text                                    0x08003f6e   Section        0  llushr.o(.text)
    .text                                    0x08003f8e   Section        0  _chval.o(.text)
    i.__0printf$8                            0x08003fac   Section        0  printf8.o(i.__0printf$8)
    i.__aeabi_errno_addr                     0x08003fcc   Section        0  errno.o(i.__aeabi_errno_addr)
    i.__scatterload_copy                     0x08003fd4   Section       14  handlers.o(i.__scatterload_copy)
    i.__scatterload_null                     0x08003fe2   Section        2  handlers.o(i.__scatterload_null)
    i.__scatterload_zeroinit                 0x08003fe4   Section       14  handlers.o(i.__scatterload_zeroinit)
    i._printf_core                           0x08003ff4   Section        0  printf8.o(i._printf_core)
    _printf_core                             0x08003ff5   Thumb Code   996  printf8.o(i._printf_core)
    i._printf_post_padding                   0x08004404   Section        0  printf8.o(i._printf_post_padding)
    _printf_post_padding                     0x08004405   Thumb Code    36  printf8.o(i._printf_post_padding)
    i._printf_pre_padding                    0x08004428   Section        0  printf8.o(i._printf_pre_padding)
    _printf_pre_padding                      0x08004429   Thumb Code    46  printf8.o(i._printf_pre_padding)
    .constdata                               0x08004456   Section      129  ctype_o.o(.constdata)
    .constdata                               0x080044d8   Section        4  ctype_o.o(.constdata)
    table                                    0x080044d8   Data           4  ctype_o.o(.constdata)
    .data                                    0x20000000   Section       12  bsp_key.o(.data)
    KeyPressFlag                             0x20000000   Data           1  bsp_key.o(.data)
    .data                                    0x2000000c   Section       30  bsp_usart.o(.data)
    U1TxCounter                              0x2000000c   Data           1  bsp_usart.o(.data)
    U1TxCount                                0x2000000d   Data           1  bsp_usart.o(.data)
    U2TxCounter                              0x2000000e   Data           1  bsp_usart.o(.data)
    U2TxCount                                0x2000000f   Data           1  bsp_usart.o(.data)
    U3TxCounter                              0x20000010   Data           1  bsp_usart.o(.data)
    U3TxCount                                0x20000011   Data           1  bsp_usart.o(.data)
    U4TxCounter                              0x20000012   Data           1  bsp_usart.o(.data)
    U4TxCount                                0x20000013   Data           1  bsp_usart.o(.data)
    U5TxCounter                              0x20000014   Data           1  bsp_usart.o(.data)
    U5TxCount                                0x20000015   Data           1  bsp_usart.o(.data)
    USARTx_InitFlag                          0x2000001c   Data           1  bsp_usart.o(.data)
    cnt                                      0x2000001e   Data           2  bsp_usart.o(.data)
    Flag_DmaTxInit                           0x20000020   Data           1  bsp_usart.o(.data)
    cnt                                      0x20000022   Data           2  bsp_usart.o(.data)
    cnt                                      0x20000024   Data           2  bsp_usart.o(.data)
    cnt                                      0x20000026   Data           2  bsp_usart.o(.data)
    cnt                                      0x20000028   Data           2  bsp_usart.o(.data)
    .data                                    0x20000030   Section       26  system_f103.o(.data)
    _startTime                               0x20000038   Data           8  system_f103.o(.data)
    lastTime                                 0x20000040   Data           4  system_f103.o(.data)
    nowTime                                  0x20000044   Data           4  system_f103.o(.data)
    CNT                                      0x20000048   Data           1  system_f103.o(.data)
    setGrouped                               0x20000049   Data           1  system_f103.o(.data)
    .data                                    0x2000004c   Section       20  system_stm32f10x.o(.data)
    .data                                    0x20000060   Section       20  stm32f10x_rcc.o(.data)
    APBAHBPrescTable                         0x20000060   Data          16  stm32f10x_rcc.o(.data)
    ADCPrescTable                            0x20000070   Data           4  stm32f10x_rcc.o(.data)
    .data                                    0x20000074   Section        4  strtok_r.o(.data)
    state                                    0x20000074   Data           4  strtok_r.o(.data)
    .data                                    0x20000078   Section        4  errno.o(.data)
    _errno                                   0x20000078   Data           4  errno.o(.data)
    .bss                                     0x2000007c   Section     4372  bsp_usart.o(.bss)
    U1TxBuffer                               0x20000690   Data         256  bsp_usart.o(.bss)
    U2TxBuffer                               0x20000790   Data         256  bsp_usart.o(.bss)
    U3TxBuffer                               0x20000890   Data         256  bsp_usart.o(.bss)
    U4TxBuffer                               0x20000990   Data         256  bsp_usart.o(.bss)
    U5TxBuffer                               0x20000a90   Data         256  bsp_usart.o(.bss)
    RxTemp                                   0x20000b90   Data         512  bsp_usart.o(.bss)
    RxTemp                                   0x20000d90   Data         256  bsp_usart.o(.bss)
    RxTemp                                   0x20000e90   Data         256  bsp_usart.o(.bss)
    RxTemp                                   0x20000f90   Data         256  bsp_usart.o(.bss)
    RxTemp                                   0x20001090   Data         256  bsp_usart.o(.bss)
    .bss                                     0x20001190   Section       44  bsp_can.o(.bss)
    .bss                                     0x200011bc   Section     2114  system_f103.o(.bss)
    sectorbufferTemp                         0x200011fe   Data        2048  system_f103.o(.bss)
    STACK                                    0x20001a00   Section     1024  startup_stm32f10x_hd.o(STACK)

    Global Symbols

    Symbol Name                              Value     Ov Type        Size  Object(Section)

    BuildAttributes$$THM_ISAv4$P$D$K$B$S$PE$A:L22UL41UL21$X:L11$S22US41US21$IEEE1$IW$USESV6$~STKCKD$USESV7$~SHL$OTIME$ROPI$EBA8$MICROLIB$REQ8$PRES8$EABIv2 0x00000000   Number         0  anon$$obj.o ABSOLUTE
    __ARM_use_no_argv                        0x00000000   Number         0  main.o ABSOLUTE
    __use_no_errno                           0x00000000   Number         0  useno.o ABSOLUTE
    __use_no_exception_handling              0x00000000   Number         0  useno.o ABSOLUTE
    __use_no_fp                              0x00000000   Number         0  useno.o ABSOLUTE
    __use_no_heap                            0x00000000   Number         0  useno.o ABSOLUTE
    __use_no_heap_region                     0x00000000   Number         0  useno.o ABSOLUTE
    __use_no_semihosting                     0x00000000   Number         0  useno.o ABSOLUTE
    __use_no_semihosting_swi                 0x00000000   Number         0  useno.o ABSOLUTE
    __use_no_signal_handling                 0x00000000   Number         0  useno.o ABSOLUTE
    _printf_a                                0x00000000   Number         0  stubs.o ABSOLUTE
    _printf_c                                0x00000000   Number         0  stubs.o ABSOLUTE
    _printf_charcount                        0x00000000   Number         0  stubs.o ABSOLUTE
    _printf_d                                0x00000000   Number         0  stubs.o ABSOLUTE
    _printf_e                                0x00000000   Number         0  stubs.o ABSOLUTE
    _printf_f                                0x00000000   Number         0  stubs.o ABSOLUTE
    _printf_flags                            0x00000000   Number         0  stubs.o ABSOLUTE
    _printf_fp_dec                           0x00000000   Number         0  stubs.o ABSOLUTE
    _printf_fp_hex                           0x00000000   Number         0  stubs.o ABSOLUTE
    _printf_g                                0x00000000   Number         0  stubs.o ABSOLUTE
    _printf_i                                0x00000000   Number         0  stubs.o ABSOLUTE
    _printf_int_dec                          0x00000000   Number         0  stubs.o ABSOLUTE
    _printf_l                                0x00000000   Number         0  stubs.o ABSOLUTE
    _printf_lc                               0x00000000   Number         0  stubs.o ABSOLUTE
    _printf_ll                               0x00000000   Number         0  stubs.o ABSOLUTE
    _printf_lld                              0x00000000   Number         0  stubs.o ABSOLUTE
    _printf_lli                              0x00000000   Number         0  stubs.o ABSOLUTE
    _printf_llo                              0x00000000   Number         0  stubs.o ABSOLUTE
    _printf_llu                              0x00000000   Number         0  stubs.o ABSOLUTE
    _printf_llx                              0x00000000   Number         0  stubs.o ABSOLUTE
    _printf_longlong_dec                     0x00000000   Number         0  stubs.o ABSOLUTE
    _printf_longlong_hex                     0x00000000   Number         0  stubs.o ABSOLUTE
    _printf_longlong_oct                     0x00000000   Number         0  stubs.o ABSOLUTE
    _printf_ls                               0x00000000   Number         0  stubs.o ABSOLUTE
    _printf_mbtowc                           0x00000000   Number         0  stubs.o ABSOLUTE
    _printf_n                                0x00000000   Number         0  stubs.o ABSOLUTE
    _printf_o                                0x00000000   Number         0  stubs.o ABSOLUTE
    _printf_p                                0x00000000   Number         0  stubs.o ABSOLUTE
    _printf_percent                          0x00000000   Number         0  stubs.o ABSOLUTE
    _printf_pre_padding                      0x00000000   Number         0  stubs.o ABSOLUTE
    _printf_return_value                     0x00000000   Number         0  stubs.o ABSOLUTE
    _printf_s                                0x00000000   Number         0  stubs.o ABSOLUTE
    _printf_sizespec                         0x00000000   Number         0  stubs.o ABSOLUTE
    _printf_str                              0x00000000   Number         0  stubs.o ABSOLUTE
    _printf_truncate_signed                  0x00000000   Number         0  stubs.o ABSOLUTE
    _printf_truncate_unsigned                0x00000000   Number         0  stubs.o ABSOLUTE
    _printf_u                                0x00000000   Number         0  stubs.o ABSOLUTE
    _printf_wc                               0x00000000   Number         0  stubs.o ABSOLUTE
    _printf_wctomb                           0x00000000   Number         0  stubs.o ABSOLUTE
    _printf_widthprec                        0x00000000   Number         0  stubs.o ABSOLUTE
    _printf_x                                0x00000000   Number         0  stubs.o ABSOLUTE
    __cpp_initialize__aeabi_                  - Undefined Weak Reference
    __cxa_finalize                            - Undefined Weak Reference
    __decompress                              - Undefined Weak Reference
    _clock_init                               - Undefined Weak Reference
    _microlib_exit                            - Undefined Weak Reference
    __Vectors_Size                           0x00000130   Number         0  startup_stm32f10x_hd.o ABSOLUTE
    __Vectors                                0x08000000   Data           4  startup_stm32f10x_hd.o(RESET)
    __Vectors_End                            0x08000130   Data           0  startup_stm32f10x_hd.o(RESET)
    __main                                   0x08000131   Thumb Code     0  entry.o(.ARM.Collect$$$$00000000)
    _main_stk                                0x08000131   Thumb Code     0  entry2.o(.ARM.Collect$$$$00000001)
    _main_scatterload                        0x08000135   Thumb Code     0  entry5.o(.ARM.Collect$$$$00000004)
    __main_after_scatterload                 0x08000139   Thumb Code     0  entry5.o(.ARM.Collect$$$$00000004)
    _main_clock                              0x08000139   Thumb Code     0  entry7b.o(.ARM.Collect$$$$00000008)
    _main_cpp_init                           0x08000139   Thumb Code     0  entry8b.o(.ARM.Collect$$$$0000000A)
    _main_init                               0x08000139   Thumb Code     0  entry9a.o(.ARM.Collect$$$$0000000B)
    __rt_final_cpp                           0x08000141   Thumb Code     0  entry10a.o(.ARM.Collect$$$$0000000D)
    __rt_final_exit                          0x08000141   Thumb Code     0  entry11a.o(.ARM.Collect$$$$0000000F)
    delay_ms                                 0x08000145   Thumb Code    18  main.o(.text)
    main                                     0x08000157   Thumb Code    42  main.o(.text)
    NMI_Handler                              0x08000181   Thumb Code     2  stm32f10x_it.o(.text)
    HardFault_Handler                        0x08000183   Thumb Code     4  stm32f10x_it.o(.text)
    MemManage_Handler                        0x08000187   Thumb Code     4  stm32f10x_it.o(.text)
    BusFault_Handler                         0x0800018b   Thumb Code     4  stm32f10x_it.o(.text)
    UsageFault_Handler                       0x0800018f   Thumb Code     4  stm32f10x_it.o(.text)
    SVC_Handler                              0x08000193   Thumb Code     2  stm32f10x_it.o(.text)
    DebugMon_Handler                         0x08000195   Thumb Code     2  stm32f10x_it.o(.text)
    PendSV_Handler                           0x08000197   Thumb Code     2  stm32f10x_it.o(.text)
    Led_Init                                 0x08000199   Thumb Code    88  bsp_led.o(.text)
    LED_RED_TOGGLE                           0x080001f1   Thumb Code    32  bsp_led.o(.text)
    LED_BLUE_TOGGLE                          0x08000211   Thumb Code    32  bsp_led.o(.text)
    Key_Init                                 0x08000239   Thumb Code   296  bsp_key.o(.text)
    Key_GetNum                               0x08000361   Thumb Code    50  bsp_key.o(.text)
    EXTI0_IRQHandler                         0x08000393   Thumb Code    24  bsp_key.o(.text)
    EXTI1_IRQHandler                         0x080003ab   Thumb Code    24  bsp_key.o(.text)
    EXTI4_IRQHandler                         0x080003c3   Thumb Code    24  bsp_key.o(.text)
    handleClick                              0x080003db   Thumb Code    10  bsp_key.o(.text)
    handleDoubleClick                        0x080003e5   Thumb Code    10  bsp_key.o(.text)
    handleLongPress                          0x080003ef   Thumb Code    10  bsp_key.o(.text)
    CheckKeyEvent                            0x080003f9   Thumb Code   268  bsp_key.o(.text)
    USARTx_Init                              0x08000531   Thumb Code   536  bsp_usart.o(.text)
    USART1_Init                              0x08000749   Thumb Code   210  bsp_usart.o(.text)
    USART1_IRQHandler                        0x0800081b   Thumb Code   186  bsp_usart.o(.text)
    USART1_GetBuffer                         0x080008d5   Thumb Code    46  bsp_usart.o(.text)
    USART1_SendData                          0x08000903   Thumb Code    62  bsp_usart.o(.text)
    USART1_SendString                        0x08000941   Thumb Code   268  bsp_usart.o(.text)
    USART1_SendStringForDMA                  0x08000a4d   Thumb Code   156  bsp_usart.o(.text)
    USART2_Init                              0x08000ae9   Thumb Code   198  bsp_usart.o(.text)
    USART2_IRQHandler                        0x08000baf   Thumb Code   198  bsp_usart.o(.text)
    USART2_GetBuffer                         0x08000c75   Thumb Code    54  bsp_usart.o(.text)
    USART2_SendData                          0x08000cab   Thumb Code    64  bsp_usart.o(.text)
    USART2_SendString                        0x08000ceb   Thumb Code    32  bsp_usart.o(.text)
    USART3_Init                              0x08000d0b   Thumb Code   220  bsp_usart.o(.text)
    USART3_IRQHandler                        0x08000de7   Thumb Code   384  bsp_usart.o(.text)
    USART3_GetBuffer                         0x08000f67   Thumb Code    56  bsp_usart.o(.text)
    USART3_SendData                          0x08000f9f   Thumb Code    64  bsp_usart.o(.text)
    USART3_SendString                        0x08000fdf   Thumb Code    32  bsp_usart.o(.text)
    UART4_Init                               0x08000fff   Thumb Code   210  bsp_usart.o(.text)
    UART4_IRQHandler                         0x080010d1   Thumb Code   194  bsp_usart.o(.text)
    UART4_GetBuffer                          0x08001193   Thumb Code    54  bsp_usart.o(.text)
    UART4_SendData                           0x080011c9   Thumb Code    64  bsp_usart.o(.text)
    UART4_SendString                         0x08001209   Thumb Code    32  bsp_usart.o(.text)
    UART5_Init                               0x08001229   Thumb Code   342  bsp_usart.o(.text)
    UART5_IRQHandler                         0x0800137f   Thumb Code   180  bsp_usart.o(.text)
    UART5_GetBuffer                          0x08001433   Thumb Code    54  bsp_usart.o(.text)
    UART5_SendData                           0x08001469   Thumb Code    58  bsp_usart.o(.text)
    UART5_SendString                         0x080014a3   Thumb Code    32  bsp_usart.o(.text)
    _sys_exit                                0x080014c3   Thumb Code     4  bsp_usart.o(.text)
    fputc                                    0x080014c7   Thumb Code    24  bsp_usart.o(.text)
    CAN1_Config                              0x0800153d   Thumb Code   244  bsp_can.o(.text)
    USB_LP_CAN1_RX0_IRQHandler               0x08001631   Thumb Code    22  bsp_can.o(.text)
    CAN1_SendData                            0x08001647   Thumb Code    90  bsp_can.o(.text)
    CAN1_ReceiveData                         0x080016a1   Thumb Code    60  bsp_can.o(.text)
    System_SysTickInit                       0x0800172d   Thumb Code    76  system_f103.o(.text)
    SysTick_Handler                          0x08001779   Thumb Code    20  system_f103.o(.text)
    System_GetTimeMs                         0x0800178d   Thumb Code     6  system_f103.o(.text)
    System_GetTimeUs                         0x08001793   Thumb Code    96  system_f103.o(.text)
    System_DelayMS                           0x080017f3   Thumb Code    46  system_f103.o(.text)
    System_DelayUS                           0x08001821   Thumb Code    36  system_f103.o(.text)
    System_GetTimeInterval                   0x08001845   Thumb Code    40  system_f103.o(.text)
    System_TestRunTimes                      0x0800186d   Thumb Code    60  system_f103.o(.text)
    System_GPIOSet                           0x080018a9   Thumb Code   336  system_f103.o(.text)
    System_NVICSet                           0x080019f9   Thumb Code   102  system_f103.o(.text)
    System_EXTISet                           0x08001a5f   Thumb Code   456  system_f103.o(.text)
    System_SwdMode                           0x08001c27   Thumb Code    40  system_f103.o(.text)
    System_GetSystemClock                    0x08001c4f   Thumb Code    12  system_f103.o(.text)
    System_Reset                             0x08001c5b   Thumb Code     8  system_f103.o(.text)
    WFI_SET                                  0x08001c63   Thumb Code     4  system_f103.o(.text)
    System_IntxDisable                       0x08001c67   Thumb Code     4  system_f103.o(.text)
    System_IntxEnable                        0x08001c6b   Thumb Code     4  system_f103.o(.text)
    System_Standby                           0x08001c6f   Thumb Code    68  system_f103.o(.text)
    System_MCO1Init                          0x08001cb3   Thumb Code    30  system_f103.o(.text)
    System_ReadInteriorFlash                 0x08001cf1   Thumb Code    58  system_f103.o(.text)
    System_WriteInteriorFlash                0x08001d2b   Thumb Code   354  system_f103.o(.text)
    Reset_Handler                            0x08001ec1   Thumb Code     8  startup_stm32f10x_hd.o(.text)
    ADC1_2_IRQHandler                        0x08001edb   Thumb Code     0  startup_stm32f10x_hd.o(.text)
    ADC3_IRQHandler                          0x08001edb   Thumb Code     0  startup_stm32f10x_hd.o(.text)
    CAN1_RX1_IRQHandler                      0x08001edb   Thumb Code     0  startup_stm32f10x_hd.o(.text)
    CAN1_SCE_IRQHandler                      0x08001edb   Thumb Code     0  startup_stm32f10x_hd.o(.text)
    DMA1_Channel1_IRQHandler                 0x08001edb   Thumb Code     0  startup_stm32f10x_hd.o(.text)
    DMA1_Channel2_IRQHandler                 0x08001edb   Thumb Code     0  startup_stm32f10x_hd.o(.text)
    DMA1_Channel3_IRQHandler                 0x08001edb   Thumb Code     0  startup_stm32f10x_hd.o(.text)
    DMA1_Channel4_IRQHandler                 0x08001edb   Thumb Code     0  startup_stm32f10x_hd.o(.text)
    DMA1_Channel5_IRQHandler                 0x08001edb   Thumb Code     0  startup_stm32f10x_hd.o(.text)
    DMA1_Channel6_IRQHandler                 0x08001edb   Thumb Code     0  startup_stm32f10x_hd.o(.text)
    DMA1_Channel7_IRQHandler                 0x08001edb   Thumb Code     0  startup_stm32f10x_hd.o(.text)
    DMA2_Channel1_IRQHandler                 0x08001edb   Thumb Code     0  startup_stm32f10x_hd.o(.text)
    DMA2_Channel2_IRQHandler                 0x08001edb   Thumb Code     0  startup_stm32f10x_hd.o(.text)
    DMA2_Channel3_IRQHandler                 0x08001edb   Thumb Code     0  startup_stm32f10x_hd.o(.text)
    DMA2_Channel4_5_IRQHandler               0x08001edb   Thumb Code     0  startup_stm32f10x_hd.o(.text)
    EXTI15_10_IRQHandler                     0x08001edb   Thumb Code     0  startup_stm32f10x_hd.o(.text)
    EXTI2_IRQHandler                         0x08001edb   Thumb Code     0  startup_stm32f10x_hd.o(.text)
    EXTI3_IRQHandler                         0x08001edb   Thumb Code     0  startup_stm32f10x_hd.o(.text)
    EXTI9_5_IRQHandler                       0x08001edb   Thumb Code     0  startup_stm32f10x_hd.o(.text)
    FLASH_IRQHandler                         0x08001edb   Thumb Code     0  startup_stm32f10x_hd.o(.text)
    FSMC_IRQHandler                          0x08001edb   Thumb Code     0  startup_stm32f10x_hd.o(.text)
    I2C1_ER_IRQHandler                       0x08001edb   Thumb Code     0  startup_stm32f10x_hd.o(.text)
    I2C1_EV_IRQHandler                       0x08001edb   Thumb Code     0  startup_stm32f10x_hd.o(.text)
    I2C2_ER_IRQHandler                       0x08001edb   Thumb Code     0  startup_stm32f10x_hd.o(.text)
    I2C2_EV_IRQHandler                       0x08001edb   Thumb Code     0  startup_stm32f10x_hd.o(.text)
    PVD_IRQHandler                           0x08001edb   Thumb Code     0  startup_stm32f10x_hd.o(.text)
    RCC_IRQHandler                           0x08001edb   Thumb Code     0  startup_stm32f10x_hd.o(.text)
    RTCAlarm_IRQHandler                      0x08001edb   Thumb Code     0  startup_stm32f10x_hd.o(.text)
    RTC_IRQHandler                           0x08001edb   Thumb Code     0  startup_stm32f10x_hd.o(.text)
    SDIO_IRQHandler                          0x08001edb   Thumb Code     0  startup_stm32f10x_hd.o(.text)
    SPI1_IRQHandler                          0x08001edb   Thumb Code     0  startup_stm32f10x_hd.o(.text)
    SPI2_IRQHandler                          0x08001edb   Thumb Code     0  startup_stm32f10x_hd.o(.text)
    SPI3_IRQHandler                          0x08001edb   Thumb Code     0  startup_stm32f10x_hd.o(.text)
    TAMPER_IRQHandler                        0x08001edb   Thumb Code     0  startup_stm32f10x_hd.o(.text)
    TIM1_BRK_IRQHandler                      0x08001edb   Thumb Code     0  startup_stm32f10x_hd.o(.text)
    TIM1_CC_IRQHandler                       0x08001edb   Thumb Code     0  startup_stm32f10x_hd.o(.text)
    TIM1_TRG_COM_IRQHandler                  0x08001edb   Thumb Code     0  startup_stm32f10x_hd.o(.text)
    TIM1_UP_IRQHandler                       0x08001edb   Thumb Code     0  startup_stm32f10x_hd.o(.text)
    TIM2_IRQHandler                          0x08001edb   Thumb Code     0  startup_stm32f10x_hd.o(.text)
    TIM3_IRQHandler                          0x08001edb   Thumb Code     0  startup_stm32f10x_hd.o(.text)
    TIM4_IRQHandler                          0x08001edb   Thumb Code     0  startup_stm32f10x_hd.o(.text)
    TIM5_IRQHandler                          0x08001edb   Thumb Code     0  startup_stm32f10x_hd.o(.text)
    TIM6_IRQHandler                          0x08001edb   Thumb Code     0  startup_stm32f10x_hd.o(.text)
    TIM7_IRQHandler                          0x08001edb   Thumb Code     0  startup_stm32f10x_hd.o(.text)
    TIM8_BRK_IRQHandler                      0x08001edb   Thumb Code     0  startup_stm32f10x_hd.o(.text)
    TIM8_CC_IRQHandler                       0x08001edb   Thumb Code     0  startup_stm32f10x_hd.o(.text)
    TIM8_TRG_COM_IRQHandler                  0x08001edb   Thumb Code     0  startup_stm32f10x_hd.o(.text)
    TIM8_UP_IRQHandler                       0x08001edb   Thumb Code     0  startup_stm32f10x_hd.o(.text)
    USBWakeUp_IRQHandler                     0x08001edb   Thumb Code     0  startup_stm32f10x_hd.o(.text)
    USB_HP_CAN1_TX_IRQHandler                0x08001edb   Thumb Code     0  startup_stm32f10x_hd.o(.text)
    WWDG_IRQHandler                          0x08001edb   Thumb Code     0  startup_stm32f10x_hd.o(.text)
    SystemInit                               0x08001ee5   Thumb Code   246  system_stm32f10x.o(.text)
    SystemCoreClockUpdate                    0x08001fdb   Thumb Code   142  system_stm32f10x.o(.text)
    NVIC_PriorityGroupConfig                 0x08002089   Thumb Code    10  misc.o(.text)
    NVIC_Init                                0x08002093   Thumb Code   100  misc.o(.text)
    NVIC_SetVectorTable                      0x080020f7   Thumb Code    14  misc.o(.text)
    NVIC_SystemLPConfig                      0x08002105   Thumb Code    34  misc.o(.text)
    SysTick_CLKSourceConfig                  0x08002127   Thumb Code    40  misc.o(.text)
    CAN_DeInit                               0x08002165   Thumb Code    50  stm32f10x_can.o(.text)
    CAN_Init                                 0x08002197   Thumb Code   276  stm32f10x_can.o(.text)
    CAN_FilterInit                           0x080022ab   Thumb Code   258  stm32f10x_can.o(.text)
    CAN_StructInit                           0x080023ad   Thumb Code    32  stm32f10x_can.o(.text)
    CAN_SlaveStartBank                       0x080023cd   Thumb Code    48  stm32f10x_can.o(.text)
    CAN_DBGFreeze                            0x080023fd   Thumb Code    22  stm32f10x_can.o(.text)
    CAN_TTComModeCmd                         0x08002413   Thumb Code   118  stm32f10x_can.o(.text)
    CAN_Transmit                             0x08002489   Thumb Code   304  stm32f10x_can.o(.text)
    CAN_TransmitStatus                       0x080025b9   Thumb Code   138  stm32f10x_can.o(.text)
    CAN_CancelTransmit                       0x08002643   Thumb Code    48  stm32f10x_can.o(.text)
    CAN_Receive                              0x08002673   Thumb Code   240  stm32f10x_can.o(.text)
    CAN_FIFORelease                          0x08002763   Thumb Code    22  stm32f10x_can.o(.text)
    CAN_MessagePending                       0x08002779   Thumb Code    30  stm32f10x_can.o(.text)
    CAN_OperatingModeRequest                 0x08002797   Thumb Code   162  stm32f10x_can.o(.text)
    CAN_Sleep                                0x08002839   Thumb Code    30  stm32f10x_can.o(.text)
    CAN_WakeUp                               0x08002857   Thumb Code    48  stm32f10x_can.o(.text)
    CAN_GetLastErrorCode                     0x08002887   Thumb Code    12  stm32f10x_can.o(.text)
    CAN_GetReceiveErrorCounter               0x08002893   Thumb Code    10  stm32f10x_can.o(.text)
    CAN_GetLSBTransmitErrorCounter           0x0800289d   Thumb Code    12  stm32f10x_can.o(.text)
    CAN_ITConfig                             0x080028a9   Thumb Code    18  stm32f10x_can.o(.text)
    CAN_GetFlagStatus                        0x080028bb   Thumb Code   120  stm32f10x_can.o(.text)
    CAN_ClearFlag                            0x08002933   Thumb Code    52  stm32f10x_can.o(.text)
    CAN_GetITStatus                          0x08002979   Thumb Code   310  stm32f10x_can.o(.text)
    CAN_ClearITPendingBit                    0x08002aaf   Thumb Code   162  stm32f10x_can.o(.text)
    DMA_DeInit                               0x08002b55   Thumb Code   324  stm32f10x_dma.o(.text)
    DMA_Init                                 0x08002c99   Thumb Code    60  stm32f10x_dma.o(.text)
    DMA_StructInit                           0x08002cd5   Thumb Code    26  stm32f10x_dma.o(.text)
    DMA_Cmd                                  0x08002cef   Thumb Code    24  stm32f10x_dma.o(.text)
    DMA_ITConfig                             0x08002d07   Thumb Code    18  stm32f10x_dma.o(.text)
    DMA_SetCurrDataCounter                   0x08002d19   Thumb Code     4  stm32f10x_dma.o(.text)
    DMA_GetCurrDataCounter                   0x08002d1d   Thumb Code     8  stm32f10x_dma.o(.text)
    DMA_GetFlagStatus                        0x08002d25   Thumb Code    40  stm32f10x_dma.o(.text)
    DMA_ClearFlag                            0x08002d4d   Thumb Code    22  stm32f10x_dma.o(.text)
    DMA_GetITStatus                          0x08002d63   Thumb Code    40  stm32f10x_dma.o(.text)
    DMA_ClearITPendingBit                    0x08002d8b   Thumb Code    22  stm32f10x_dma.o(.text)
    EXTI_DeInit                              0x08002da9   Thumb Code    28  stm32f10x_exti.o(.text)
    EXTI_Init                                0x08002dc5   Thumb Code   142  stm32f10x_exti.o(.text)
    EXTI_StructInit                          0x08002e53   Thumb Code    16  stm32f10x_exti.o(.text)
    EXTI_GenerateSWInterrupt                 0x08002e63   Thumb Code    16  stm32f10x_exti.o(.text)
    EXTI_GetFlagStatus                       0x08002e73   Thumb Code    22  stm32f10x_exti.o(.text)
    EXTI_ClearFlag                           0x08002e89   Thumb Code     8  stm32f10x_exti.o(.text)
    EXTI_GetITStatus                         0x08002e91   Thumb Code    34  stm32f10x_exti.o(.text)
    EXTI_ClearITPendingBit                   0x08002eb3   Thumb Code     8  stm32f10x_exti.o(.text)
    GPIO_DeInit                              0x08002ec5   Thumb Code   172  stm32f10x_gpio.o(.text)
    GPIO_AFIODeInit                          0x08002f71   Thumb Code    20  stm32f10x_gpio.o(.text)
    GPIO_Init                                0x08002f85   Thumb Code   278  stm32f10x_gpio.o(.text)
    GPIO_StructInit                          0x0800309b   Thumb Code    16  stm32f10x_gpio.o(.text)
    GPIO_ReadInputDataBit                    0x080030ab   Thumb Code    18  stm32f10x_gpio.o(.text)
    GPIO_ReadInputData                       0x080030bd   Thumb Code     8  stm32f10x_gpio.o(.text)
    GPIO_ReadOutputDataBit                   0x080030c5   Thumb Code    18  stm32f10x_gpio.o(.text)
    GPIO_ReadOutputData                      0x080030d7   Thumb Code     8  stm32f10x_gpio.o(.text)
    GPIO_SetBits                             0x080030df   Thumb Code     4  stm32f10x_gpio.o(.text)
    GPIO_ResetBits                           0x080030e3   Thumb Code     4  stm32f10x_gpio.o(.text)
    GPIO_WriteBit                            0x080030e7   Thumb Code    10  stm32f10x_gpio.o(.text)
    GPIO_Write                               0x080030f1   Thumb Code     4  stm32f10x_gpio.o(.text)
    GPIO_PinLockConfig                       0x080030f5   Thumb Code    18  stm32f10x_gpio.o(.text)
    GPIO_EventOutputConfig                   0x08003107   Thumb Code    26  stm32f10x_gpio.o(.text)
    GPIO_EventOutputCmd                      0x08003121   Thumb Code     6  stm32f10x_gpio.o(.text)
    GPIO_PinRemapConfig                      0x08003127   Thumb Code   138  stm32f10x_gpio.o(.text)
    GPIO_EXTILineConfig                      0x080031b1   Thumb Code    66  stm32f10x_gpio.o(.text)
    GPIO_ETH_MediaInterfaceConfig            0x080031f3   Thumb Code     8  stm32f10x_gpio.o(.text)
    RCC_DeInit                               0x08003221   Thumb Code    64  stm32f10x_rcc.o(.text)
    RCC_HSEConfig                            0x08003261   Thumb Code    70  stm32f10x_rcc.o(.text)
    RCC_GetFlagStatus                        0x080032a7   Thumb Code    56  stm32f10x_rcc.o(.text)
    RCC_WaitForHSEStartUp                    0x080032df   Thumb Code    56  stm32f10x_rcc.o(.text)
    RCC_AdjustHSICalibrationValue            0x08003317   Thumb Code    20  stm32f10x_rcc.o(.text)
    RCC_HSICmd                               0x0800332b   Thumb Code     6  stm32f10x_rcc.o(.text)
    RCC_PLLConfig                            0x08003331   Thumb Code    24  stm32f10x_rcc.o(.text)
    RCC_PLLCmd                               0x08003349   Thumb Code     6  stm32f10x_rcc.o(.text)
    RCC_SYSCLKConfig                         0x0800334f   Thumb Code    18  stm32f10x_rcc.o(.text)
    RCC_GetSYSCLKSource                      0x08003361   Thumb Code    10  stm32f10x_rcc.o(.text)
    RCC_HCLKConfig                           0x0800336b   Thumb Code    18  stm32f10x_rcc.o(.text)
    RCC_PCLK1Config                          0x0800337d   Thumb Code    18  stm32f10x_rcc.o(.text)
    RCC_PCLK2Config                          0x0800338f   Thumb Code    20  stm32f10x_rcc.o(.text)
    RCC_ITConfig                             0x080033a3   Thumb Code    26  stm32f10x_rcc.o(.text)
    RCC_USBCLKConfig                         0x080033bd   Thumb Code     8  stm32f10x_rcc.o(.text)
    RCC_ADCCLKConfig                         0x080033c5   Thumb Code    18  stm32f10x_rcc.o(.text)
    RCC_LSEConfig                            0x080033d7   Thumb Code    50  stm32f10x_rcc.o(.text)
    RCC_LSICmd                               0x08003409   Thumb Code     6  stm32f10x_rcc.o(.text)
    RCC_RTCCLKConfig                         0x0800340f   Thumb Code    12  stm32f10x_rcc.o(.text)
    RCC_RTCCLKCmd                            0x0800341b   Thumb Code     8  stm32f10x_rcc.o(.text)
    RCC_GetClocksFreq                        0x08003423   Thumb Code   192  stm32f10x_rcc.o(.text)
    RCC_AHBPeriphClockCmd                    0x080034e3   Thumb Code    26  stm32f10x_rcc.o(.text)
    RCC_APB2PeriphClockCmd                   0x080034fd   Thumb Code    26  stm32f10x_rcc.o(.text)
    RCC_APB1PeriphClockCmd                   0x08003517   Thumb Code    26  stm32f10x_rcc.o(.text)
    RCC_APB2PeriphResetCmd                   0x08003531   Thumb Code    26  stm32f10x_rcc.o(.text)
    RCC_APB1PeriphResetCmd                   0x0800354b   Thumb Code    26  stm32f10x_rcc.o(.text)
    RCC_BackupResetCmd                       0x08003565   Thumb Code     8  stm32f10x_rcc.o(.text)
    RCC_ClockSecuritySystemCmd               0x0800356d   Thumb Code     6  stm32f10x_rcc.o(.text)
    RCC_MCOConfig                            0x08003573   Thumb Code     6  stm32f10x_rcc.o(.text)
    RCC_ClearFlag                            0x08003579   Thumb Code    14  stm32f10x_rcc.o(.text)
    RCC_GetITStatus                          0x08003587   Thumb Code    20  stm32f10x_rcc.o(.text)
    RCC_ClearITPendingBit                    0x0800359b   Thumb Code     6  stm32f10x_rcc.o(.text)
    USART_DeInit                             0x080035c5   Thumb Code   134  stm32f10x_usart.o(.text)
    USART_Init                               0x0800364b   Thumb Code   210  stm32f10x_usart.o(.text)
    USART_StructInit                         0x0800371d   Thumb Code    24  stm32f10x_usart.o(.text)
    USART_ClockInit                          0x08003735   Thumb Code    34  stm32f10x_usart.o(.text)
    USART_ClockStructInit                    0x08003757   Thumb Code    12  stm32f10x_usart.o(.text)
    USART_Cmd                                0x08003763   Thumb Code    24  stm32f10x_usart.o(.text)
    USART_ITConfig                           0x0800377b   Thumb Code    74  stm32f10x_usart.o(.text)
    USART_DMACmd                             0x080037c5   Thumb Code    18  stm32f10x_usart.o(.text)
    USART_SetAddress                         0x080037d7   Thumb Code    18  stm32f10x_usart.o(.text)
    USART_WakeUpConfig                       0x080037e9   Thumb Code    18  stm32f10x_usart.o(.text)
    USART_ReceiverWakeUpCmd                  0x080037fb   Thumb Code    24  stm32f10x_usart.o(.text)
    USART_LINBreakDetectLengthConfig         0x08003813   Thumb Code    18  stm32f10x_usart.o(.text)
    USART_LINCmd                             0x08003825   Thumb Code    24  stm32f10x_usart.o(.text)
    USART_SendData                           0x0800383d   Thumb Code     8  stm32f10x_usart.o(.text)
    USART_ReceiveData                        0x08003845   Thumb Code    10  stm32f10x_usart.o(.text)
    USART_SendBreak                          0x0800384f   Thumb Code    10  stm32f10x_usart.o(.text)
    USART_SetGuardTime                       0x08003859   Thumb Code    16  stm32f10x_usart.o(.text)
    USART_SetPrescaler                       0x08003869   Thumb Code    16  stm32f10x_usart.o(.text)
    USART_SmartCardCmd                       0x08003879   Thumb Code    24  stm32f10x_usart.o(.text)
    USART_SmartCardNACKCmd                   0x08003891   Thumb Code    24  stm32f10x_usart.o(.text)
    USART_HalfDuplexCmd                      0x080038a9   Thumb Code    24  stm32f10x_usart.o(.text)
    USART_OverSampling8Cmd                   0x080038c1   Thumb Code    22  stm32f10x_usart.o(.text)
    USART_OneBitMethodCmd                    0x080038d7   Thumb Code    24  stm32f10x_usart.o(.text)
    USART_IrDAConfig                         0x080038ef   Thumb Code    18  stm32f10x_usart.o(.text)
    USART_IrDACmd                            0x08003901   Thumb Code    24  stm32f10x_usart.o(.text)
    USART_GetFlagStatus                      0x08003919   Thumb Code    26  stm32f10x_usart.o(.text)
    USART_ClearFlag                          0x08003933   Thumb Code    18  stm32f10x_usart.o(.text)
    USART_GetITStatus                        0x08003945   Thumb Code    84  stm32f10x_usart.o(.text)
    USART_ClearITPendingBit                  0x08003999   Thumb Code    52  stm32f10x_usart.o(.text)
    ProcessSingleLine                        0x080039cd   Thumb Code   156  usartctlcan.o(.text)
    ProcessUartData                          0x08003a69   Thumb Code    70  usartctlcan.o(.text)
    UsartCtlCan                              0x08003aaf   Thumb Code    28  usartctlcan.o(.text)
    __aeabi_memcpy                           0x08003ad9   Thumb Code    36  memcpya.o(.text)
    __aeabi_memcpy4                          0x08003ad9   Thumb Code     0  memcpya.o(.text)
    __aeabi_memcpy8                          0x08003ad9   Thumb Code     0  memcpya.o(.text)
    __aeabi_memset                           0x08003afd   Thumb Code    14  memseta.o(.text)
    __aeabi_memset4                          0x08003afd   Thumb Code     0  memseta.o(.text)
    __aeabi_memset8                          0x08003afd   Thumb Code     0  memseta.o(.text)
    __aeabi_memclr                           0x08003b0b   Thumb Code     4  memseta.o(.text)
    __aeabi_memclr4                          0x08003b0b   Thumb Code     0  memseta.o(.text)
    __aeabi_memclr8                          0x08003b0b   Thumb Code     0  memseta.o(.text)
    _memset$wrapper                          0x08003b0f   Thumb Code    18  memseta.o(.text)
    strlen                                   0x08003b21   Thumb Code    14  strlen.o(.text)
    strtok_r                                 0x08003b31   Thumb Code    60  strtok_r.o(.text)
    strtok                                   0x08003b6d   Thumb Code     4  strtok_r.o(.text)
    strtoul                                  0x08003b75   Thumb Code   114  strtoul.o(.text)
    atoi                                     0x08003be7   Thumb Code    26  atoi.o(.text)
    __aeabi_fadd                             0x08003c01   Thumb Code   164  fadd.o(.text)
    __aeabi_fsub                             0x08003ca5   Thumb Code     6  fadd.o(.text)
    __aeabi_frsub                            0x08003cab   Thumb Code     6  fadd.o(.text)
    __aeabi_fmul                             0x08003cb1   Thumb Code   100  fmul.o(.text)
    __aeabi_ui2f                             0x08003d15   Thumb Code    10  ffltui.o(.text)
    __aeabi_f2uiz                            0x08003d1f   Thumb Code    40  ffixui.o(.text)
    __aeabi_uldivmod                         0x08003d47   Thumb Code    98  uldiv.o(.text)
    __rt_ctype_table                         0x08003da9   Thumb Code     4  ctype_o.o(.text)
    _strtoul                                 0x08003db1   Thumb Code   158  _strtoul.o(.text)
    strtol                                   0x08003e4f   Thumb Code   112  strtol.o(.text)
    __I$use$fp                               0x08003ebf   Thumb Code     0  iusefp.o(.text)
    _float_round                             0x08003ebf   Thumb Code    18  fepilogue.o(.text)
    _float_epilogue                          0x08003ed1   Thumb Code    92  fepilogue.o(.text)
    __scatterload                            0x08003f2d   Thumb Code    28  init.o(.text)
    __scatterload_rt2                        0x08003f2d   Thumb Code     0  init.o(.text)
    __aeabi_llsl                             0x08003f51   Thumb Code    30  llshl.o(.text)
    _ll_shift_l                              0x08003f51   Thumb Code     0  llshl.o(.text)
    __aeabi_llsr                             0x08003f6f   Thumb Code    32  llushr.o(.text)
    _ll_ushift_r                             0x08003f6f   Thumb Code     0  llushr.o(.text)
    _chval                                   0x08003f8f   Thumb Code    28  _chval.o(.text)
    __0printf$8                              0x08003fad   Thumb Code    22  printf8.o(i.__0printf$8)
    __1printf$8                              0x08003fad   Thumb Code     0  printf8.o(i.__0printf$8)
    __2printf                                0x08003fad   Thumb Code     0  printf8.o(i.__0printf$8)
    __aeabi_errno_addr                       0x08003fcd   Thumb Code     4  errno.o(i.__aeabi_errno_addr)
    __rt_errno_addr                          0x08003fcd   Thumb Code     0  errno.o(i.__aeabi_errno_addr)
    __scatterload_copy                       0x08003fd5   Thumb Code    14  handlers.o(i.__scatterload_copy)
    __scatterload_null                       0x08003fe3   Thumb Code     2  handlers.o(i.__scatterload_null)
    __scatterload_zeroinit                   0x08003fe5   Thumb Code    14  handlers.o(i.__scatterload_zeroinit)
    __ctype_table                            0x08004456   Data         129  ctype_o.o(.constdata)
    Region$$Table$$Base                      0x080044dc   Number         0  anon$$obj.o(Region$$Table)
    Region$$Table$$Limit                     0x080044fc   Number         0  anon$$obj.o(Region$$Table)
    currentState                             0x20000001   Data           1  bsp_key.o(.data)
    pressStartTime                           0x20000004   Data           4  bsp_key.o(.data)
    releaseStartTime                         0x20000008   Data           4  bsp_key.o(.data)
    __stdout                                 0x20000018   Data           4  bsp_usart.o(.data)
    sysTickCnt                               0x20000030   Data           8  system_f103.o(.data)
    AHBPrescTable                            0x2000004c   Data          16  system_stm32f10x.o(.data)
    SystemCoreClock                          0x2000005c   Data           4  system_stm32f10x.o(.data)
    xUSART                                   0x2000007c   Data        1556  bsp_usart.o(.bss)
    xCAN                                     0x20001190   Data          44  bsp_can.o(.bss)
    xFlag                                    0x200011bc   Data          66  system_f103.o(.bss)
    __initial_sp                             0x20001e00   Data           0  startup_stm32f10x_hd.o(STACK)



==============================================================================

Memory Map of the image

  Image Entry point : 0x08000131

  Load Region LR_IROM1 (Base: 0x08000000, Size: 0x00004578, Max: 0x00040000, ABSOLUTE)

    Execution Region ER_IROM1 (Exec base: 0x08000000, Load base: 0x08000000, Size: 0x000044fc, Max: 0x00040000, ABSOLUTE)

    Exec Addr    Load Addr    Size         Type   Attr      Idx    E Section Name        Object

    0x08000000   0x08000000   0x00000130   Data   RO          199    RESET               startup_stm32f10x_hd.o
    0x08000130   0x08000130   0x00000000   Code   RO          538  * .ARM.Collect$$$$00000000  mc_w.l(entry.o)
    0x08000130   0x08000130   0x00000004   Code   RO          828    .ARM.Collect$$$$00000001  mc_w.l(entry2.o)
    0x08000134   0x08000134   0x00000004   Code   RO          831    .ARM.Collect$$$$00000004  mc_w.l(entry5.o)
    0x08000138   0x08000138   0x00000000   Code   RO          833    .ARM.Collect$$$$00000008  mc_w.l(entry7b.o)
    0x08000138   0x08000138   0x00000000   Code   RO          835    .ARM.Collect$$$$0000000A  mc_w.l(entry8b.o)
    0x08000138   0x08000138   0x00000008   Code   RO          836    .ARM.Collect$$$$0000000B  mc_w.l(entry9a.o)
    0x08000140   0x08000140   0x00000000   Code   RO          838    .ARM.Collect$$$$0000000D  mc_w.l(entry10a.o)
    0x08000140   0x08000140   0x00000000   Code   RO          840    .ARM.Collect$$$$0000000F  mc_w.l(entry11a.o)
    0x08000140   0x08000140   0x00000004   Code   RO          829    .ARM.Collect$$$$00002712  mc_w.l(entry2.o)
    0x08000144   0x08000144   0x0000003c   Code   RO            1    .text               main.o
    0x08000180   0x08000180   0x00000018   Code   RO           90    .text               stm32f10x_it.o
    0x08000198   0x08000198   0x000000a0   Code   RO          109    .text               bsp_led.o
    0x08000238   0x08000238   0x000002f8   Code   RO          121    .text               bsp_key.o
    0x08000530   0x08000530   0x0000100c   Code   RO          137    .text               bsp_usart.o
    0x0800153c   0x0800153c   0x000001f0   Code   RO          160    .text               bsp_can.o
    0x0800172c   0x0800172c   0x00000794   Code   RO          178    .text               system_f103.o
    0x08001ec0   0x08001ec0   0x00000024   Code   RO          200    .text               startup_stm32f10x_hd.o
    0x08001ee4   0x08001ee4   0x000001a4   Code   RO          215    .text               system_stm32f10x.o
    0x08002088   0x08002088   0x000000dc   Code   RO          233    .text               misc.o
    0x08002164   0x08002164   0x000009f0   Code   RO          275    .text               stm32f10x_can.o
    0x08002b54   0x08002b54   0x00000254   Code   RO          317    .text               stm32f10x_dma.o
    0x08002da8   0x08002da8   0x0000011c   Code   RO          329    .text               stm32f10x_exti.o
    0x08002ec4   0x08002ec4   0x0000035c   Code   RO          356    .text               stm32f10x_gpio.o
    0x08003220   0x08003220   0x000003a4   Code   RO          413    .text               stm32f10x_rcc.o
    0x080035c4   0x080035c4   0x00000408   Code   RO          487    .text               stm32f10x_usart.o
    0x080039cc   0x080039cc   0x0000010c   Code   RO          526    .text               usartctlcan.o
    0x08003ad8   0x08003ad8   0x00000024   Code   RO          541    .text               mc_w.l(memcpya.o)
    0x08003afc   0x08003afc   0x00000024   Code   RO          543    .text               mc_w.l(memseta.o)
    0x08003b20   0x08003b20   0x0000000e   Code   RO          545    .text               mc_w.l(strlen.o)
    0x08003b2e   0x08003b2e   0x00000002   PAD
    0x08003b30   0x08003b30   0x00000044   Code   RO          550    .text               mc_w.l(strtok_r.o)
    0x08003b74   0x08003b74   0x00000072   Code   RO          816    .text               mc_w.l(strtoul.o)
    0x08003be6   0x08003be6   0x0000001a   Code   RO          818    .text               mc_w.l(atoi.o)
    0x08003c00   0x08003c00   0x000000b0   Code   RO          820    .text               mf_w.l(fadd.o)
    0x08003cb0   0x08003cb0   0x00000064   Code   RO          822    .text               mf_w.l(fmul.o)
    0x08003d14   0x08003d14   0x0000000a   Code   RO          824    .text               mf_w.l(ffltui.o)
    0x08003d1e   0x08003d1e   0x00000028   Code   RO          826    .text               mf_w.l(ffixui.o)
    0x08003d46   0x08003d46   0x00000062   Code   RO          844    .text               mc_w.l(uldiv.o)
    0x08003da8   0x08003da8   0x00000008   Code   RO          846    .text               mc_w.l(ctype_o.o)
    0x08003db0   0x08003db0   0x0000009e   Code   RO          881    .text               mc_w.l(_strtoul.o)
    0x08003e4e   0x08003e4e   0x00000070   Code   RO          883    .text               mc_w.l(strtol.o)
    0x08003ebe   0x08003ebe   0x00000000   Code   RO          885    .text               mc_w.l(iusefp.o)
    0x08003ebe   0x08003ebe   0x0000006e   Code   RO          886    .text               mf_w.l(fepilogue.o)
    0x08003f2c   0x08003f2c   0x00000024   Code   RO          898    .text               mc_w.l(init.o)
    0x08003f50   0x08003f50   0x0000001e   Code   RO          900    .text               mc_w.l(llshl.o)
    0x08003f6e   0x08003f6e   0x00000020   Code   RO          902    .text               mc_w.l(llushr.o)
    0x08003f8e   0x08003f8e   0x0000001c   Code   RO          906    .text               mc_w.l(_chval.o)
    0x08003faa   0x08003faa   0x00000002   PAD
    0x08003fac   0x08003fac   0x00000020   Code   RO          762    i.__0printf$8       mc_w.l(printf8.o)
    0x08003fcc   0x08003fcc   0x00000008   Code   RO          874    i.__aeabi_errno_addr  mc_w.l(errno.o)
    0x08003fd4   0x08003fd4   0x0000000e   Code   RO          912    i.__scatterload_copy  mc_w.l(handlers.o)
    0x08003fe2   0x08003fe2   0x00000002   Code   RO          913    i.__scatterload_null  mc_w.l(handlers.o)
    0x08003fe4   0x08003fe4   0x0000000e   Code   RO          914    i.__scatterload_zeroinit  mc_w.l(handlers.o)
    0x08003ff2   0x08003ff2   0x00000002   PAD
    0x08003ff4   0x08003ff4   0x00000410   Code   RO          769    i._printf_core      mc_w.l(printf8.o)
    0x08004404   0x08004404   0x00000024   Code   RO          770    i._printf_post_padding  mc_w.l(printf8.o)
    0x08004428   0x08004428   0x0000002e   Code   RO          771    i._printf_pre_padding  mc_w.l(printf8.o)
    0x08004456   0x08004456   0x00000081   Data   RO          847    .constdata          mc_w.l(ctype_o.o)
    0x080044d7   0x080044d7   0x00000001   PAD
    0x080044d8   0x080044d8   0x00000004   Data   RO          848    .constdata          mc_w.l(ctype_o.o)
    0x080044dc   0x080044dc   0x00000020   Data   RO          910    Region$$Table       anon$$obj.o


    Execution Region RW_IRAM1 (Exec base: 0x20000000, Load base: 0x080044fc, Size: 0x00001e00, Max: 0x0000c000, ABSOLUTE)

    Exec Addr    Load Addr    Size         Type   Attr      Idx    E Section Name        Object

    0x20000000   0x080044fc   0x0000000c   Data   RW          123    .data               bsp_key.o
    0x2000000c   0x08004508   0x0000001e   Data   RW          139    .data               bsp_usart.o
    0x2000002a   0x08004526   0x00000006   PAD
    0x20000030   0x0800452c   0x0000001a   Data   RW          180    .data               system_f103.o
    0x2000004a   0x08004546   0x00000002   PAD
    0x2000004c   0x08004548   0x00000014   Data   RW          216    .data               system_stm32f10x.o
    0x20000060   0x0800455c   0x00000014   Data   RW          414    .data               stm32f10x_rcc.o
    0x20000074   0x08004570   0x00000004   Data   RW          551    .data               mc_w.l(strtok_r.o)
    0x20000078   0x08004574   0x00000004   Data   RW          877    .data               mc_w.l(errno.o)
    0x2000007c        -       0x00001114   Zero   RW          138    .bss                bsp_usart.o
    0x20001190        -       0x0000002c   Zero   RW          161    .bss                bsp_can.o
    0x200011bc        -       0x00000842   Zero   RW          179    .bss                system_f103.o
    0x200019fe   0x08004578   0x00000002   PAD
    0x20001a00        -       0x00000400   Zero   RW          197    STACK               startup_stm32f10x_hd.o


==============================================================================

Image component sizes


      Code (inc. data)   RO Data    RW Data    ZI Data      Debug   Object Name

       496         80          0          0         44       2347   bsp_can.o
       760         50          0         12          0       2637   bsp_key.o
       160          8          0          0          0        742   bsp_led.o
      4108        636          0         30       4372      12258   bsp_usart.o
        60          0          0          0          0     254496   main.o
       220         22          0          0          0       1729   misc.o
        36          8        304          0       1024        832   startup_stm32f10x_hd.o
      2544         38          0          0          0       7956   stm32f10x_can.o
       596          8          0          0          0       4294   stm32f10x_dma.o
       284         10          0          0          0       2187   stm32f10x_exti.o
       860         38          0          0          0       5665   stm32f10x_gpio.o
        24          0          0          0          0       1074   stm32f10x_it.o
       932         36          0         20          0       8812   stm32f10x_rcc.o
      1032         22          0          0          0       8388   stm32f10x_usart.o
      1940        234          0         26       2114       8929   system_f103.o
       420         32          0         20          0       1471   system_stm32f10x.o
       268         14          0          0          0       1680   usartctlcan.o

    ----------------------------------------------------------------------
     14740       1236        336        116       7556     325497   Object Totals
         0          0         32          0          0          0   (incl. Generated)
         0          0          0          8          2          0   (incl. Padding)

    ----------------------------------------------------------------------

      Code (inc. data)   RO Data    RW Data    ZI Data      Debug   Library Member Name

        28          0          0          0          0         68   _chval.o
       158          0          0          0          0         92   _strtoul.o
        26          0          0          0          0         80   atoi.o
         8          4        133          0          0         68   ctype_o.o
         0          0          0          0          0          0   entry.o
         0          0          0          0          0          0   entry10a.o
         0          0          0          0          0          0   entry11a.o
         8          4          0          0          0          0   entry2.o
         4          0          0          0          0          0   entry5.o
         0          0          0          0          0          0   entry7b.o
         0          0          0          0          0          0   entry8b.o
         8          4          0          0          0          0   entry9a.o
         8          4          0          4          0         68   errno.o
        30          0          0          0          0          0   handlers.o
        36          8          0          0          0         68   init.o
         0          0          0          0          0          0   iusefp.o
        30          0          0          0          0         68   llshl.o
        32          0          0          0          0         68   llushr.o
        36          0          0          0          0         68   memcpya.o
        36          0          0          0          0        108   memseta.o
      1154         54          0          0          0        352   printf8.o
        14          0          0          0          0         68   strlen.o
        68          4          0          4          0         96   strtok_r.o
       112          0          0          0          0         88   strtol.o
       114          0          0          0          0         92   strtoul.o
        98          0          0          0          0         92   uldiv.o
       176          0          0          0          0        140   fadd.o
       110          0          0          0          0        168   fepilogue.o
        40          0          0          0          0         68   ffixui.o
        10          0          0          0          0         68   ffltui.o
       100          0          0          0          0         76   fmul.o

    ----------------------------------------------------------------------
      2450         82        134          8          0       2064   Library Totals
         6          0          1          0          0          0   (incl. Padding)

    ----------------------------------------------------------------------

      Code (inc. data)   RO Data    RW Data    ZI Data      Debug   Library Name

      2008         82        133          8          0       1544   mc_w.l
       436          0          0          0          0        520   mf_w.l

    ----------------------------------------------------------------------
      2450         82        134          8          0       2064   Library Totals

    ----------------------------------------------------------------------

==============================================================================


      Code (inc. data)   RO Data    RW Data    ZI Data      Debug   

     17190       1318        470        124       7556     325061   Grand Totals
     17190       1318        470        124       7556     325061   ELF Image Totals
     17190       1318        470        124          0          0   ROM Totals

==============================================================================

    Total RO  Size (Code + RO Data)                17660 (  17.25kB)
    Total RW  Size (RW Data + ZI Data)              7680 (   7.50kB)
    Total ROM Size (Code + RO Data + RW Data)      17784 (  17.37kB)

==============================================================================

